Component: ARM Compiler 5.06 update 3 (build 300) Tool: armlink [4d35c9]

==============================================================================

Section Cross References

    main.o(i.main) refers to main.o(i.main_init) for main_init
    main.o(i.main) refers to main.o(i.main_mainloop) for main_mainloop
    main.o(i.main_init) refers to test_config.o(i.test_init) for test_init
    main.o(i.main_mainloop) refers to test_config.o(i.test_mainloop) for test_mainloop
    test_config.o(i.test_init) refers to user_uart.o(i.user_uart_init) for user_uart_init
    test_config.o(i.test_init) refers to user_gpio.o(i.leds_init) for leds_init
    test_config.o(i.test_init) refers to user_iic.o(i.user_iic_init) for user_iic_init
    test_config.o(i.test_mainloop) refers to user_gpio.o(i.leds_loop) for leds_loop
    test_config.o(i.test_mainloop) refers to user_iic.o(i.user_iic_loop) for user_iic_loop
    user_gpio.o(i.keys_getinfo) refers to user_gpio.o(i.nrf_gpio_pin_read) for nrf_gpio_pin_read
    user_gpio.o(i.keys_init) refers to user_gpio.o(i.nrf_gpio_cfg_input) for nrf_gpio_cfg_input
    user_gpio.o(i.keys_loop) refers to user_gpio.o(i.keys_getinfo) for keys_getinfo
    user_gpio.o(i.keys_loop) refers to user_gpio.o(i.led_bright) for led_bright
    user_gpio.o(i.keys_loop) refers to user_gpio.o(i.led_dark) for led_dark
    user_gpio.o(i.led_init) refers to user_gpio.o(i.nrf_gpio_cfg) for nrf_gpio_cfg
    user_gpio.o(i.led_init) refers to user_gpio.o(i.led_dark) for led_dark
    user_gpio.o(i.leds_bright) refers to user_gpio.o(i.led_bright) for led_bright
    user_gpio.o(i.leds_dark) refers to user_gpio.o(i.led_dark) for led_dark
    user_gpio.o(i.leds_init) refers to user_gpio.o(i.led_init) for led_init
    user_gpio.o(i.leds_loop) refers to test_config.o(i.test_delay) for test_delay
    user_gpio.o(i.leds_loop) refers to user_gpio.o(i.leds_dark) for leds_dark
    user_gpio.o(i.leds_loop) refers to user_gpio.o(i.leds_bright) for leds_bright
    user_gpio.o(i.nrf_gpio_cfg_input) refers to user_gpio.o(i.nrf_gpio_cfg) for nrf_gpio_cfg
    user_uart.o(i.uart_config) refers to rt_memcpy_w.o(.text) for __aeabi_memcpy4
    user_uart.o(i.uart_config) refers to app_uart_fifo.o(i.app_uart_init) for app_uart_init
    user_uart.o(i.uart_config) refers to app_error.o(i.app_error_handler_bare) for app_error_handler_bare
    user_uart.o(i.uart_config) refers to user_uart.o(.constdata) for .constdata
    user_uart.o(i.uart_config) refers to user_uart.o(.bss) for rx_buf
    user_uart.o(i.uart_config) refers to user_uart.o(i.uart_error_handle) for uart_error_handle
    user_uart.o(i.uart_error_handle) refers to app_error.o(i.app_error_handler_bare) for app_error_handler_bare
    user_uart.o(i.user_uart_init) refers to user_uart.o(i.uart_config) for uart_config
    user_uart.o(i.user_uart_init) refers to noretval__2printf.o(.text) for __2printf
    user_uart.o(i.user_uart_loop) refers to app_uart_fifo.o(i.app_uart_get) for app_uart_get
    user_uart.o(i.user_uart_loop) refers to noretval__2printf.o(.text) for __2printf
    user_uart.o(i.user_uart_loop) refers to test_config.o(i.test_delay) for test_delay
    user_uart.o(i.user_uart_loop) refers to app_uart_fifo.o(i.app_uart_put) for app_uart_put
    retarget.o(i.fgetc) refers to app_uart_fifo.o(i.app_uart_get) for app_uart_get
    retarget.o(i.fputc) refers to app_uart_fifo.o(i.app_uart_put) for app_uart_put
    app_uart_fifo.o(i.app_uart_close) refers to nrf_drv_uart.o(i.nrf_drv_uart_uninit) for nrf_drv_uart_uninit
    app_uart_fifo.o(i.app_uart_close) refers to app_uart_fifo.o(.data) for app_uart_inst
    app_uart_fifo.o(i.app_uart_flush) refers to app_fifo.o(i.app_fifo_flush) for app_fifo_flush
    app_uart_fifo.o(i.app_uart_flush) refers to app_uart_fifo.o(.bss) for m_rx_fifo
    app_uart_fifo.o(i.app_uart_get) refers to app_fifo.o(i.app_fifo_get) for app_fifo_get
    app_uart_fifo.o(i.app_uart_get) refers to nrf_drv_uart.o(i.nrf_drv_uart_rx) for nrf_drv_uart_rx
    app_uart_fifo.o(i.app_uart_get) refers to app_error.o(i.app_error_handler_bare) for app_error_handler_bare
    app_uart_fifo.o(i.app_uart_get) refers to app_uart_fifo.o(.data) for m_rx_ovf
    app_uart_fifo.o(i.app_uart_get) refers to app_uart_fifo.o(.bss) for m_rx_fifo
    app_uart_fifo.o(i.app_uart_init) refers to app_fifo.o(i.app_fifo_init) for app_fifo_init
    app_uart_fifo.o(i.app_uart_init) refers to rt_memcpy_w.o(.text) for __aeabi_memcpy4
    app_uart_fifo.o(i.app_uart_init) refers to nrf_drv_uart.o(i.nrf_drv_uart_init) for nrf_drv_uart_init
    app_uart_fifo.o(i.app_uart_init) refers to nrf_drv_uart.o(i.nrf_drv_uart_rx_enable) for nrf_drv_uart_rx_enable
    app_uart_fifo.o(i.app_uart_init) refers to nrf_drv_uart.o(i.nrf_drv_uart_rx) for nrf_drv_uart_rx
    app_uart_fifo.o(i.app_uart_init) refers to app_uart_fifo.o(.data) for m_event_handler
    app_uart_fifo.o(i.app_uart_init) refers to app_uart_fifo.o(.bss) for m_rx_fifo
[...]
    exit.o(.text) refers to rtexit.o(.ARM.Collect$$rtexit$$00000000) for __rt_exit
    libinit.o(.ARM.Collect$$libinit$$00000000) refers (Special) to libinit2.o(.ARM.Collect$$libinit$$0000002E) for __rt_lib_init_alloca_1
    libinit.o(.ARM.Collect$$libinit$$00000000) refers (Special) to libinit2.o(.ARM.Collect$$libinit$$0000002C) for __rt_lib_init_argv_1
    libinit.o(.ARM.Collect$$libinit$$00000000) refers (Special) to libinit2.o(.ARM.Collect$$libinit$$0000001B) for __rt_lib_init_atexit_1
    libinit.o(.ARM.Collect$$libinit$$00000000) refers (Special) to libinit2.o(.ARM.Collect$$libinit$$00000021) for __rt_lib_init_clock_1
    libinit.o(.ARM.Collect$$libinit$$00000000) refers (Special) to libinit2.o(.ARM.Collect$$libinit$$00000032) for __rt_lib_init_cpp_1
    libinit.o(.ARM.Collect$$libinit$$00000000) refers (Special) to libinit2.o(.ARM.Collect$$libinit$$00000030) for __rt_lib_init_exceptions_1
    libinit.o(.ARM.Collect$$libinit$$00000000) refers (Special) to libinit2.o(.ARM.Collect$$libinit$$00000001) for __rt_lib_init_fp_1
    libinit.o(.ARM.Collect$$libinit$$00000000) refers (Special) to libinit2.o(.ARM.Collect$$libinit$$0000001F) for __rt_lib_init_fp_trap_1
    libinit.o(.ARM.Collect$$libinit$$00000000) refers (Special) to libinit2.o(.ARM.Collect$$libinit$$00000023) for __rt_lib_init_getenv_1
    libinit.o(.ARM.Collect$$libinit$$00000000) refers (Special) to libinit2.o(.ARM.Collect$$libinit$$0000000A) for __rt_lib_init_heap_1
    libinit.o(.ARM.Collect$$libinit$$00000000) refers (Special) to libinit2.o(.ARM.Collect$$libinit$$00000011) for __rt_lib_init_lc_collate_1
    libinit.o(.ARM.Collect$$libinit$$00000000) refers (Special) to libinit2.o(.ARM.Collect$$libinit$$00000013) for __rt_lib_init_lc_ctype_1
    libinit.o(.ARM.Collect$$libinit$$00000000) refers (Special) to libinit2.o(.ARM.Collect$$libinit$$00000015) for __rt_lib_init_lc_monetary_1
    libinit.o(.ARM.Collect$$libinit$$00000000) refers (Special) to libinit2.o(.ARM.Collect$$libinit$$00000017) for __rt_lib_init_lc_numeric_1
    libinit.o(.ARM.Collect$$libinit$$00000000) refers (Special) to libinit2.o(.ARM.Collect$$libinit$$00000019) for __rt_lib_init_lc_time_1
    libinit.o(.ARM.Collect$$libinit$$00000000) refers (Special) to libinit2.o(.ARM.Collect$$libinit$$00000004) for __rt_lib_init_preinit_1
    libinit.o(.ARM.Collect$$libinit$$00000000) refers (Special) to libinit2.o(.ARM.Collect$$libinit$$0000000E) for __rt_lib_init_rand_1
    libinit.o(.ARM.Collect$$libinit$$00000000) refers (Special) to libinit2.o(.ARM.Collect$$libinit$$00000033) for __rt_lib_init_return
    libinit.o(.ARM.Collect$$libinit$$00000000) refers (Special) to libinit2.o(.ARM.Collect$$libinit$$0000001D) for __rt_lib_init_signal_1
    libinit.o(.ARM.Collect$$libinit$$00000000) refers (Special) to libinit2.o(.ARM.Collect$$libinit$$00000025) for __rt_lib_init_stdio_1
    libinit.o(.ARM.Collect$$libinit$$00000000) refers (Special) to libinit2.o(.ARM.Collect$$libinit$$0000000C) for __rt_lib_init_user_alloc_1
    libspace.o(.text) refers to libspace.o(.bss) for __libspace_start
    rtexit.o(.ARM.Collect$$rtexit$$00000000) refers (Special) to rtexit2.o(.ARM.Collect$$rtexit$$00000004) for __rt_exit_exit
    rtexit.o(.ARM.Collect$$rtexit$$00000000) refers (Special) to rtexit2.o(.ARM.Collect$$rtexit$$00000003) for __rt_exit_ls
    rtexit.o(.ARM.Collect$$rtexit$$00000000) refers (Special) to rtexit2.o(.ARM.Collect$$rtexit$$00000002) for __rt_exit_prels_1
    rtexit.o(.ARM.exidx) refers (Special) to rtexit2.o(.ARM.Collect$$rtexit$$00000004) for __rt_exit_exit
    rtexit.o(.ARM.exidx) refers (Special) to rtexit2.o(.ARM.Collect$$rtexit$$00000003) for __rt_exit_ls
    rtexit.o(.ARM.exidx) refers (Special) to rtexit2.o(.ARM.Collect$$rtexit$$00000002) for __rt_exit_prels_1
    rtexit.o(.ARM.exidx) refers to rtexit.o(.ARM.Collect$$rtexit$$00000000) for .ARM.Collect$$rtexit$$00000000
    libinit2.o(.ARM.Collect$$libinit$$00000001) refers to fpinit.o(x$fpl$fpinit) for _fp_init
    libinit2.o(.ARM.Collect$$libinit$$00000010) refers to libinit2.o(.ARM.Collect$$libinit$$0000000F) for .ARM.Collect$$libinit$$0000000F
    libinit2.o(.ARM.Collect$$libinit$$00000012) refers to libinit2.o(.ARM.Collect$$libinit$$0000000F) for .ARM.Collect$$libinit$$0000000F
    libinit2.o(.ARM.Collect$$libinit$$00000014) refers to libinit2.o(.ARM.Collect$$libinit$$0000000F) for .ARM.Collect$$libinit$$0000000F
    libinit2.o(.ARM.Collect$$libinit$$00000016) refers to libinit2.o(.ARM.Collect$$libinit$$0000000F) for .ARM.Collect$$libinit$$0000000F
    libinit2.o(.ARM.Collect$$libinit$$00000018) refers to libinit2.o(.ARM.Collect$$libinit$$0000000F) for .ARM.Collect$$libinit$$0000000F
    libinit2.o(.ARM.Collect$$libinit$$00000026) refers to argv_veneer.o(.emb_text) for __ARM_argv_veneer
    libinit2.o(.ARM.Collect$$libinit$$00000027) refers to argv_veneer.o(.emb_text) for __ARM_argv_veneer
    rtexit2.o(.ARM.Collect$$rtexit$$00000003) refers to libshutdown.o(.ARM.Collect$$libshutdown$$00000000) for __rt_lib_shutdown
    rtexit2.o(.ARM.Collect$$rtexit$$00000004) refers to sys_exit.o(.text) for _sys_exit
    rtexit2.o(.ARM.exidx) refers to rtexit2.o(.ARM.Collect$$rtexit$$00000001) for .ARM.Collect$$rtexit$$00000001
    rtexit2.o(.ARM.exidx) refers to rtexit2.o(.ARM.Collect$$rtexit$$00000003) for .ARM.Collect$$rtexit$$00000003
    rtexit2.o(.ARM.exidx) refers to rtexit2.o(.ARM.Collect$$rtexit$$00000004) for .ARM.Collect$$rtexit$$00000004
    argv_veneer.o(.emb_text) refers to no_argv.o(.text) for __ARM_get_argv
    sys_exit.o(.text) refers (Special) to use_no_semi.o(.text) for __I$use$semihosting
    sys_exit.o(.text) refers (Special) to indicate_semi.o(.text) for __semihosting_library_function
    _get_argv_nomalloc.o(.text) refers (Special) to hrguard.o(.text) for __heap_region$guard
    _get_argv_nomalloc.o(.text) refers to defsig_rtmem_outer.o(.text) for __rt_SIGRTMEM
    _get_argv_nomalloc.o(.text) refers to sys_command.o(.text) for _sys_command_string
    libshutdown.o(.ARM.Collect$$libshutdown$$00000000) refers (Special) to libshutdown2.o(.ARM.Collect$$libshutdown$$00000002) for __rt_lib_shutdown_cpp_1
    libshutdown.o(.ARM.Collect$$libshutdown$$00000000) refers (Special) to libshutdown2.o(.ARM.Collect$$libshutdown$$00000007) for __rt_lib_shutdown_fp_trap_1
    libshutdown.o(.ARM.Collect$$libshutdown$$00000000) refers (Special) to libshutdown2.o(.ARM.Collect$$libshutdown$$0000000F) for __rt_lib_shutdown_heap_1
    libshutdown.o(.ARM.Collect$$libshutdown$$00000000) refers (Special) to libshutdown2.o(.ARM.Collect$$libshutdown$$00000010) for __rt_lib_shutdown_return
    libshutdown.o(.ARM.Collect$$libshutdown$$00000000) refers (Special) to libshutdown2.o(.ARM.Collect$$libshutdown$$0000000A) for __rt_lib_shutdown_signal_1
    libshutdown.o(.ARM.Collect$$libshutdown$$00000000) refers (Special) to libshutdown2.o(.ARM.Collect$$libshutdown$$00000004) for __rt_lib_shutdown_stdio_1
    libshutdown.o(.ARM.Collect$$libshutdown$$00000000) refers (Special) to libshutdown2.o(.ARM.Collect$$libshutdown$$0000000C) for __rt_lib_shutdown_user_alloc_1
    sys_command.o(.text) refers (Special) to use_no_semi.o(.text) for __I$use$semihosting
    sys_command.o(.text) refers (Special) to indicate_semi.o(.text) for __semihosting_library_function
    defsig_rtmem_outer.o(.text) refers to defsig_rtmem_inner.o(.text) for __rt_SIGRTMEM_inner
    defsig_rtmem_outer.o(.text) refers to defsig_exit.o(.text) for __sig_exit
    defsig_rtmem_formal.o(.text) refers to rt_raise.o(.text) for __rt_raise
    rt_raise.o(.text) refers to __raise.o(.text) for __raise
    rt_raise.o(.text) refers to sys_exit.o(.text) for _sys_exit
    defsig_exit.o(.text) refers to sys_exit.o(.text) for _sys_exit
    defsig_rtmem_inner.o(.text) refers to defsig_general.o(.text) for __default_signal_display
    __raise.o(.text) refers to defsig.o(CL$$defsig) for __default_signal_handler
    defsig_general.o(.text) refers to sys_wrch.o(.text) for _ttywrch
    sys_wrch.o(.text) refers (Special) to use_no_semi.o(.text) for __I$use$semihosting
    sys_wrch.o(.text) refers (Special) to indicate_semi.o(.text) for __semihosting_library_function
    defsig.o(CL$$defsig) refers to defsig_rtmem_inner.o(.text) for __rt_SIGRTMEM_inner
    defsig_abrt_inner.o(.text) refers to defsig_general.o(.text) for __default_signal_display
    defsig_fpe_inner.o(.text) refers to defsig_general.o(.text) for __default_signal_display
    defsig_rtred_inner.o(.text) refers to defsig_general.o(.text) for __default_signal_display
    defsig_stak_inner.o(.text) refers to defsig_general.o(.text) for __default_signal_display
    defsig_pvfn_inner.o(.text) refers to defsig_general.o(.text) for __default_signal_display
    defsig_cppl_inner.o(.text) refers to defsig_general.o(.text) for __default_signal_display
    defsig_segv_inner.o(.text) refers to defsig_general.o(.text) for __default_signal_display
    defsig_other.o(.text) refers to defsig_general.o(.text) for __default_signal_display


==============================================================================

Removing Unused input sections from the image.

    Removing test_config.o(.rev16_text), (4 bytes).
    Removing test_config.o(.revsh_text), (4 bytes).
    Removing test_config.o(.rrx_text), (6 bytes).
    Removing user_gpio.o(.rev16_text), (4 bytes).
    Removing user_gpio.o(.revsh_text), (4 bytes).
    Removing user_gpio.o(.rrx_text), (6 bytes).
    Removing user_gpio.o(i.keys_getinfo), (56 bytes).
    Removing user_gpio.o(i.keys_init), (36 bytes).
    Removing user_gpio.o(i.keys_loop), (98 bytes).
    Removing user_gpio.o(i.nrf_gpio_cfg_input), (26 bytes).
    Removing user_gpio.o(i.nrf_gpio_pin_read), (24 bytes).
    Removing user_uart.o(.rev16_text), (4 bytes).
    Removing user_uart.o(.revsh_text), (4 bytes).
    Removing user_uart.o(.rrx_text), (6 bytes).
    Removing user_uart.o(i.user_uart_loop), (116 bytes).
    Removing retarget.o(.rev16_text), (4 bytes).
    Removing retarget.o(.revsh_text), (4 bytes).
    Removing retarget.o(.rrx_text), (6 bytes).
    Removing retarget.o(i.fgetc), (22 bytes).
    Removing app_uart_fifo.o(.rev16_text), (4 bytes).
    Removing app_uart_fifo.o(.revsh_text), (4 bytes).
    Removing app_uart_fifo.o(.rrx_text), (6 bytes).
    Removing app_uart_fifo.o(i.app_uart_close), (16 bytes).
    Removing app_uart_fifo.o(i.app_uart_flush), (52 bytes).
    Removing app_uart_fifo.o(i.app_uart_get), (84 bytes).
    Removing app_error.o(.rev16_text), (4 bytes).
    Removing app_error.o(.revsh_text), (4 bytes).
    Removing app_error.o(.rrx_text), (6 bytes).
    Removing app_error.o(i.app_error_handler), (32 bytes).
    Removing app_error.o(i.app_error_save_and_stop), (136 bytes).
    Removing app_error.o(.bss), (32 bytes).
    Removing app_fifo.o(.rev16_text), (4 bytes).
    Removing app_fifo.o(.revsh_text), (4 bytes).
    Removing app_fifo.o(.rrx_text), (6 bytes).
    Removing app_fifo.o(i.app_fifo_flush), (10 bytes).
    Removing app_fifo.o(i.app_fifo_peek), (36 bytes).
    Removing app_fifo.o(i.app_fifo_read), (102 bytes).
    Removing app_fifo.o(i.app_fifo_write), (106 bytes).
    Removing nrf_drv_uart.o(.rev16_text), (4 bytes).
    Removing nrf_drv_uart.o(.revsh_text), (4 bytes).
    Removing nrf_drv_uart.o(.rrx_text), (6 bytes).
    Removing nrf_drv_uart.o(i.nrf_drv_common_irq_disable), (28 bytes).
    Removing nrf_drv_uart.o(i.nrf_drv_uart_errorsrc_get), (64 bytes).
    Removing nrf_drv_uart.o(i.nrf_drv_uart_rx_abort), (52 bytes).
    Removing nrf_drv_uart.o(i.nrf_drv_uart_rx_disable), (44 bytes).
    Removing nrf_drv_uart.o(i.nrf_drv_uart_tx_abort), (100 bytes).
    Removing nrf_drv_uart.o(i.nrf_drv_uart_uninit), (140 bytes).
    Removing nrf_drv_uart.o(i.nrf_gpio_cfg_default), (24 bytes).
    Removing nrf_drv_uart.o(i.pins_to_default), (212 bytes).
    Removing nrf_drv_uart.o(.constdata), (152 bytes).
    Removing app_error_weak.o(.rev16_text), (4 bytes).
    Removing app_error_weak.o(.revsh_text), (4 bytes).
    Removing app_error_weak.o(.rrx_text), (6 bytes).
    Removing nrf_drv_common.o(.rev16_text), (4 bytes).
    Removing nrf_drv_common.o(.revsh_text), (4 bytes).
    Removing nrf_drv_common.o(.rrx_text), (6 bytes).
    Removing nrf_drv_common.o(i.nrf_drv_common_clock_irq_disable), (28 bytes).
    Removing twi_hw_master.o(.rev16_text), (4 bytes).
    Removing twi_hw_master.o(.revsh_text), (4 bytes).
    Removing twi_hw_master.o(.rrx_text), (6 bytes).
    Removing system_nrf52.o(.rev16_text), (4 bytes).
    Removing system_nrf52.o(.revsh_text), (4 bytes).
    Removing system_nrf52.o(.rrx_text), (6 bytes).

63 unused section(s) (total 1996 bytes) removed from the image.

==============================================================================

Image Symbol Table

    Local Symbols

    Symbol Name                              Value     Ov Type        Size  Object(Section)

    RESET                                    0x00000000   Section     1024  arm_startup_nrf52.o(RESET)
    ../clib/angel/boardlib.s                 0x00000000   Number         0  boardinit3.o ABSOLUTE
    ../clib/angel/boardlib.s                 0x00000000   Number         0  boardshut.o ABSOLUTE
    ../clib/angel/boardlib.s                 0x00000000   Number         0  boardinit1.o ABSOLUTE
    ../clib/angel/boardlib.s                 0x00000000   Number         0  boardinit2.o ABSOLUTE
    ../clib/angel/handlers.s                 0x00000000   Number         0  __scatter_zi.o ABSOLUTE
    ../clib/angel/handlers.s                 0x00000000   Number         0  __scatter_copy.o ABSOLUTE
    ../clib/angel/kernel.s                   0x00000000   Number         0  __rtentry2.o ABSOLUTE
    ../clib/angel/kernel.s                   0x00000000   Number         0  rtexit2.o ABSOLUTE
    ../clib/angel/kernel.s                   0x00000000   Number         0  rtexit.o ABSOLUTE
    ../clib/angel/kernel.s                   0x00000000   Number         0  __rtentry.o ABSOLUTE
    ../clib/angel/kernel.s                   0x00000000   Number         0  __rtentry4.o ABSOLUTE
    ../clib/angel/rt.s                       0x00000000   Number         0  rt_raise.o ABSOLUTE
    ../clib/angel/scatter.s                  0x00000000   Number         0  __scatter.o ABSOLUTE
    ../clib/angel/startup.s                  0x00000000   Number         0  __main.o ABSOLUTE
    ../clib/angel/sys.s                      0x00000000   Number         0  libspace.o ABSOLUTE
    ../clib/angel/sys.s                      0x00000000   Number         0  sys_stackheap_outer.o ABSOLUTE
    ../clib/angel/sys.s                      0x00000000   Number         0  use_no_semi.o ABSOLUTE
    ../clib/angel/sys.s                      0x00000000   Number         0  indicate_semi.o ABSOLUTE
    ../clib/angel/sysapp.c                   0x00000000   Number         0  sys_exit.o ABSOLUTE
    ../clib/angel/sysapp.c                   0x00000000   Number         0  sys_command.o ABSOLUTE
    ../clib/angel/sysapp.c                   0x00000000   Number         0  sys_wrch.o ABSOLUTE
    ../clib/armsys.c                         0x00000000   Number         0  no_argv.o ABSOLUTE
    ../clib/armsys.c                         0x00000000   Number         0  _get_argv_nomalloc.o ABSOLUTE
    ../clib/armsys.c                         0x00000000   Number         0  argv_veneer.o ABSOLUTE
    ../clib/armsys.c                         0x00000000   Number         0  argv_veneer.o ABSOLUTE
    ../clib/heapalloc.c                      0x00000000   Number         0  hrguard.o ABSOLUTE
    ../clib/heapaux.c                        0x00000000   Number         0  heapauxi.o ABSOLUTE
    ../clib/libinit.s                        0x00000000   Number         0  libshutdown2.o ABSOLUTE
    ../clib/libinit.s                        0x00000000   Number         0  libshutdown.o ABSOLUTE
    ../clib/libinit.s                        0x00000000   Number         0  libinit.o ABSOLUTE
    ../clib/libinit.s                        0x00000000   Number         0  libinit2.o ABSOLUTE
    ../clib/memcpset.s                       0x00000000   Number         0  rt_memcpy_w.o ABSOLUTE
    ../clib/printf.c                         0x00000000   Number         0  __printf_wp.o ABSOLUTE
    ../clib/printf.c                         0x00000000   Number         0  __printf_ss_wp.o ABSOLUTE
    ../clib/printf.c                         0x00000000   Number         0  _printf_char_file.o ABSOLUTE
    ../clib/printf.c                         0x00000000   Number         0  __printf_flags_ss_wp.o ABSOLUTE
    ../clib/printf.c                         0x00000000   Number         0  __printf_ss.o ABSOLUTE
    ../clib/printf.c                         0x00000000   Number         0  __2printf.o ABSOLUTE
    ../clib/printf.c                         0x00000000   Number         0  noretval__2printf.o ABSOLUTE
    ../clib/printf.c                         0x00000000   Number         0  _printf_char_common.o ABSOLUTE
    ../clib/printf.c                         0x00000000   Number         0  __printf.o ABSOLUTE
    ../clib/printf.c                         0x00000000   Number         0  _printf_dec.o ABSOLUTE
    ../clib/printf.c                         0x00000000   Number         0  __printf_flags.o ABSOLUTE
    ../clib/printf.c                         0x00000000   Number         0  __printf_nopercent.o ABSOLUTE
    ../clib/printf.c                         0x00000000   Number         0  __printf_flags_ss.o ABSOLUTE
    ../clib/printf.c                         0x00000000   Number         0  _printf_intcommon.o ABSOLUTE
    ../clib/printf.c                         0x00000000   Number         0  __printf_flags_wp.o ABSOLUTE
    ../clib/printf_percent.s                 0x00000000   Number         0  _printf_percent_end.o ABSOLUTE
    ../clib/printf_percent.s                 0x00000000   Number         0  _printf_percent.o ABSOLUTE
    ../clib/printf_percent.s                 0x00000000   Number         0  _printf_d.o ABSOLUTE
    ../clib/signal.c                         0x00000000   Number         0  defsig_cppl_inner.o ABSOLUTE
    ../clib/signal.c                         0x00000000   Number         0  defsig_pvfn_inner.o ABSOLUTE
    ../clib/signal.c                         0x00000000   Number         0  defsig_stak_inner.o ABSOLUTE
    ../clib/signal.c                         0x00000000   Number         0  defsig_rtred_inner.o ABSOLUTE
    ../clib/signal.c                         0x00000000   Number         0  defsig_rtmem_inner.o ABSOLUTE
    ../clib/signal.c                         0x00000000   Number         0  defsig_fpe_inner.o ABSOLUTE
    ../clib/signal.c                         0x00000000   Number         0  defsig_abrt_inner.o ABSOLUTE
    ../clib/signal.c                         0x00000000   Number         0  defsig_general.o ABSOLUTE
    ../clib/signal.c                         0x00000000   Number         0  __raise.o ABSOLUTE
    ../clib/signal.c                         0x00000000   Number         0  defsig_exit.o ABSOLUTE
    ../clib/signal.c                         0x00000000   Number         0  defsig_rtmem_formal.o ABSOLUTE
    ../clib/signal.c                         0x00000000   Number         0  defsig_rtmem_outer.o ABSOLUTE
    ../clib/signal.c                         0x00000000   Number         0  defsig_segv_inner.o ABSOLUTE
    ../clib/signal.c                         0x00000000   Number         0  defsig_other.o ABSOLUTE
    ../clib/signal.s                         0x00000000   Number         0  defsig.o ABSOLUTE
    ../clib/stdio.c                          0x00000000   Number         0  ferror.o ABSOLUTE
    ../clib/stdio.c                          0x00000000   Number         0  ferror_locked.o ABSOLUTE
    ../clib/stdlib.c                         0x00000000   Number         0  exit.o ABSOLUTE
    ../fplib/fpinit.s                        0x00000000   Number         0  fpinit.o ABSOLUTE
    ..\\source\\components\\drivers_nrf\\common\\nrf_drv_common.c 0x00000000   Number         0  nrf_drv_common.o ABSOLUTE
    ..\\source\\components\\drivers_nrf\\twi_master\\deprecated\\twi_hw_master.c 0x00000000   Number         0  twi_hw_master.o ABSOLUTE
    ..\\source\\components\\drivers_nrf\\uart\\nrf_drv_uart.c 0x00000000   Number         0  nrf_drv_uart.o ABSOLUTE
    ..\\source\\components\\libraries\\fifo\\app_fifo.c 0x00000000   Number         0  app_fifo.o ABSOLUTE
    ..\\source\\components\\libraries\\uart\\app_uart_fifo.c 0x00000000   Number         0  app_uart_fifo.o ABSOLUTE
    ..\\source\\components\\libraries\\uart\\retarget.c 0x00000000   Number         0  retarget.o ABSOLUTE
    ..\\source\\components\\libraries\\util\\app_error.c 0x00000000   Number         0  app_error.o ABSOLUTE
    ..\\source\\components\\libraries\\util\\app_error_weak.c 0x00000000   Number         0  app_error_weak.o ABSOLUTE
    ..\\source\\user\\test_config.c          0x00000000   Number         0  test_config.o ABSOLUTE
    ..\\source\\user\\user_gpio.c            0x00000000   Number         0  user_gpio.o ABSOLUTE
    ..\\source\\user\\user_uart.c            0x00000000   Number         0  user_uart.o ABSOLUTE
    ..\source\bsp\user_board.c               0x00000000   Number         0  user_board.o ABSOLUTE
    ..\source\components\drivers_nrf\common\nrf_drv_common.c 0x00000000   Number         0  nrf_drv_common.o ABSOLUTE
    ..\source\components\drivers_nrf\twi_master\deprecated\twi_hw_master.c 0x00000000   Number         0  twi_hw_master.o ABSOLUTE
    ..\source\components\drivers_nrf\uart\nrf_drv_uart.c 0x00000000   Number         0  nrf_drv_uart.o ABSOLUTE
    ..\source\components\libraries\fifo\app_fifo.c 0x00000000   Number         0  app_fifo.o ABSOLUTE
    ..\source\components\libraries\uart\app_uart_fifo.c 0x00000000   Number         0  app_uart_fifo.o ABSOLUTE
    ..\source\components\libraries\uart\retarget.c 0x00000000   Number         0  retarget.o ABSOLUTE
    ..\source\components\libraries\util\app_error.c 0x00000000   Number         0  app_error.o ABSOLUTE
    ..\source\components\libraries\util\app_error_weak.c 0x00000000   Number         0  app_error_weak.o ABSOLUTE
    ..\source\user\main.c                    0x00000000   Number         0  main.o ABSOLUTE
    ..\source\user\test_config.c             0x00000000   Number         0  test_config.o ABSOLUTE
    ..\source\user\user_gpio.c               0x00000000   Number         0  user_gpio.o ABSOLUTE
    ..\source\user\user_iic.c                0x00000000   Number         0  user_iic.o ABSOLUTE
    ..\source\user\user_uart.c               0x00000000   Number         0  user_uart.o ABSOLUTE
    RTE\Device\nRF52832_xxAA\arm_startup_nrf52.s 0x00000000   Number         0  arm_startup_nrf52.o ABSOLUTE
    RTE\Device\nRF52832_xxAA\system_nrf52.c  0x00000000   Number         0  system_nrf52.o ABSOLUTE
    RTE\\Device\\nRF52832_xxAA\\system_nrf52.c 0x00000000   Number         0  system_nrf52.o ABSOLUTE
    dc.s                                     0x00000000   Number         0  dc.o ABSOLUTE
    !!!main                                  0x00000400   Section        8  __main.o(!!!main)
    !!!scatter                               0x00000408   Section       52  __scatter.o(!!!scatter)
    !!handler_copy                           0x0000043c   Section       26  __scatter_copy.o(!!handler_copy)
    !!handler_zi                             0x00000458   Section       28  __scatter_zi.o(!!handler_zi)
    .ARM.Collect$$_printf_percent$$00000000  0x00000474   Section        0  _printf_percent.o(.ARM.Collect$$_printf_percent$$00000000)
    .ARM.Collect$$_printf_percent$$00000009  0x00000474   Section        6  _printf_d.o(.ARM.Collect$$_printf_percent$$00000009)
    .ARM.Collect$$_printf_percent$$00000017  0x0000047a   Section        4  _printf_percent_end.o(.ARM.Collect$$_printf_percent$$00000017)
    .ARM.Collect$$libinit$$00000000          0x0000047e   Section        2  libinit.o(.ARM.Collect$$libinit$$00000000)
    .ARM.Collect$$libinit$$00000001          0x00000480   Section        4  libinit2.o(.ARM.Collect$$libinit$$00000001)
    .ARM.Collect$$libinit$$00000004          0x00000484   Section        0  libinit2.o(.ARM.Collect$$libinit$$00000004)
    .ARM.Collect$$libinit$$0000000A          0x00000484   Section        0  libinit2.o(.ARM.Collect$$libinit$$0000000A)
    .ARM.Collect$$libinit$$0000000C          0x00000484   Section        0  libinit2.o(.ARM.Collect$$libinit$$0000000C)
    .ARM.Collect$$libinit$$0000000E          0x00000484   Section        0  libinit2.o(.ARM.Collect$$libinit$$0000000E)
    .ARM.Collect$$libinit$$00000011          0x00000484   Section        0  libinit2.o(.ARM.Collect$$libinit$$00000011)
    .ARM.Collect$$libinit$$00000013          0x00000484   Section        0  libinit2.o(.ARM.Collect$$libinit$$00000013)
    .ARM.Collect$$libinit$$00000015          0x00000484   Section        0  libinit2.o(.ARM.Collect$$libinit$$00000015)
    .ARM.Collect$$libinit$$00000017          0x00000484   Section        0  libinit2.o(.ARM.Collect$$libinit$$00000017)
    .ARM.Collect$$libinit$$00000019          0x00000484   Section        0  libinit2.o(.ARM.Collect$$libinit$$00000019)
    .ARM.Collect$$libinit$$0000001B          0x00000484   Section        0  libinit2.o(.ARM.Collect$$libinit$$0000001B)
    .ARM.Collect$$libinit$$0000001D          0x00000484   Section        0  libinit2.o(.ARM.Collect$$libinit$$0000001D)
    .ARM.Collect$$libinit$$0000001F          0x00000484   Section        0  libinit2.o(.ARM.Collect$$libinit$$0000001F)
    .ARM.Collect$$libinit$$00000021          0x00000484   Section        0  libinit2.o(.ARM.Collect$$libinit$$00000021)
    .ARM.Collect$$libinit$$00000023          0x00000484   Section        0  libinit2.o(.ARM.Collect$$libinit$$00000023)
    .ARM.Collect$$libinit$$00000025          0x00000484   Section        0  libinit2.o(.ARM.Collect$$libinit$$00000025)
    .ARM.Collect$$libinit$$0000002C          0x00000484   Section        0  libinit2.o(.ARM.Collect$$libinit$$0000002C)
    .ARM.Collect$$libinit$$0000002E          0x00000484   Section        0  libinit2.o(.ARM.Collect$$libinit$$0000002E)
    .ARM.Collect$$libinit$$00000030          0x00000484   Section        0  libinit2.o(.ARM.Collect$$libinit$$00000030)
    .ARM.Collect$$libinit$$00000032          0x00000484   Section        0  libinit2.o(.ARM.Collect$$libinit$$00000032)
    .ARM.Collect$$libinit$$00000033          0x00000484   Section        2  libinit2.o(.ARM.Collect$$libinit$$00000033)
    .ARM.Collect$$libshutdown$$00000000      0x00000486   Section        2  libshutdown.o(.ARM.Collect$$libshutdown$$00000000)
    .ARM.Collect$$libshutdown$$00000002      0x00000488   Section        0  libshutdown2.o(.ARM.Collect$$libshutdown$$00000002)
    .ARM.Collect$$libshutdown$$00000004      0x00000488   Section        0  libshutdown2.o(.ARM.Collect$$libshutdown$$00000004)
    .ARM.Collect$$libshutdown$$00000007      0x00000488   Section        0  libshutdown2.o(.ARM.Collect$$libshutdown$$00000007)
    .ARM.Collect$$libshutdown$$0000000A      0x00000488   Section        0  libshutdown2.o(.ARM.Collect$$libshutdown$$0000000A)
    .ARM.Collect$$libshutdown$$0000000C      0x00000488   Section        0  libshutdown2.o(.ARM.Collect$$libshutdown$$0000000C)
    .ARM.Collect$$libshutdown$$0000000F      0x00000488   Section        0  libshutdown2.o(.ARM.Collect$$libshutdown$$0000000F)
    .ARM.Collect$$libshutdown$$00000010      0x00000488   Section        2  libshutdown2.o(.ARM.Collect$$libshutdown$$00000010)
    .ARM.Collect$$rtentry$$00000000          0x0000048a   Section        0  __rtentry.o(.ARM.Collect$$rtentry$$00000000)
    .ARM.Collect$$rtentry$$00000002          0x0000048a   Section        0  __rtentry2.o(.ARM.Collect$$rtentry$$00000002)
    .ARM.Collect$$rtentry$$00000004          0x0000048a   Section        6  __rtentry4.o(.ARM.Collect$$rtentry$$00000004)
    .ARM.Collect$$rtentry$$00000009          0x00000490   Section        0  __rtentry2.o(.ARM.Collect$$rtentry$$00000009)
    .ARM.Collect$$rtentry$$0000000A          0x00000490   Section        4  __rtentry2.o(.ARM.Collect$$rtentry$$0000000A)
    .ARM.Collect$$rtentry$$0000000C          0x00000494   Section        0  __rtentry2.o(.ARM.Collect$$rtentry$$0000000C)
    .ARM.Collect$$rtentry$$0000000D          0x00000494   Section        8  __rtentry2.o(.ARM.Collect$$rtentry$$0000000D)
    .ARM.Collect$$rtexit$$00000000           0x0000049c   Section        2  rtexit.o(.ARM.Collect$$rtexit$$00000000)
    .ARM.Collect$$rtexit$$00000002           0x0000049e   Section        0  rtexit2.o(.ARM.Collect$$rtexit$$00000002)
    .ARM.Collect$$rtexit$$00000003           0x0000049e   Section        4  rtexit2.o(.ARM.Collect$$rtexit$$00000003)
    .ARM.Collect$$rtexit$$00000004           0x000004a2   Section        6  rtexit2.o(.ARM.Collect$$rtexit$$00000004)
    .text                                    0x000004a8   Section       64  arm_startup_nrf52.o(.text)
    $v0                                      0x000004a8   Number         0  arm_startup_nrf52.o(.text)
    .text                                    0x000004e8   Section        0  noretval__2printf.o(.text)
    .text                                    0x00000500   Section        0  __printf.o(.text)
    .text                                    0x00000568   Section        0  _printf_dec.o(.text)
    .text                                    0x000005e0   Section      100  rt_memcpy_w.o(.text)
    .text                                    0x00000644   Section        0  heapauxi.o(.text)
    .text                                    0x0000064a   Section        0  _printf_intcommon.o(.text)
    .text                                    0x000006fc   Section        0  _printf_char_file.o(.text)
    .text                                    0x00000720   Section        0  _printf_char_common.o(.text)
    _printf_input_char                       0x00000721   Thumb Code    10  _printf_char_common.o(.text)
    .text                                    0x00000750   Section        0  ferror.o(.text)
    .text                                    0x00000758   Section       74  sys_stackheap_outer.o(.text)
    .text                                    0x000007a2   Section        0  exit.o(.text)
    .text                                    0x000007b4   Section        8  libspace.o(.text)
    .text                                    0x000007bc   Section        0  sys_exit.o(.text)
    .text                                    0x000007c8   Section        2  use_no_semi.o(.text)
    .text                                    0x000007ca   Section        0  indicate_semi.o(.text)
    i.SystemCoreClockUpdate                  0x000007cc   Section        0  system_nrf52.o(i.SystemCoreClockUpdate)
    i.SystemInit                             0x000007dc   Section        0  system_nrf52.o(i.SystemInit)
    i.UARTE0_UART0_IRQHandler                0x00000980   Section        0  nrf_drv_uart.o(i.UARTE0_UART0_IRQHandler)
    i.app_error_fault_handler                0x000009a4   Section        0  app_error_weak.o(i.app_error_fault_handler)
    i.app_error_handler_bare                 0x000009e8   Section        0  app_error.o(i.app_error_handler_bare)
    i.app_fifo_get                           0x00000a04   Section        0  app_fifo.o(i.app_fifo_get)
    i.app_fifo_init                          0x00000a22   Section        0  app_fifo.o(i.app_fifo_init)
    i.app_fifo_put                           0x00000a46   Section        0  app_fifo.o(i.app_fifo_put)
    i.app_uart_init                          0x00000a68   Section        0  app_uart_fifo.o(i.app_uart_init)
    i.app_uart_put                           0x00000b50   Section        0  app_uart_fifo.o(i.app_uart_put)
    i.apply_config                           0x00000b90   Section        0  nrf_drv_uart.o(i.apply_config)
    apply_config                             0x00000b91   Thumb Code   222  nrf_drv_uart.o(i.apply_config)
    i.errata_108                             0x00000c74   Section        0  system_nrf52.o(i.errata_108)
    errata_108                               0x00000c75   Thumb Code    78  system_nrf52.o(i.errata_108)
    i.errata_16                              0x00000cc8   Section        0  system_nrf52.o(i.errata_16)
    errata_16                                0x00000cc9   Thumb Code    42  system_nrf52.o(i.errata_16)
    i.errata_31                              0x00000cf8   Section        0  system_nrf52.o(i.errata_31)
    errata_31                                0x00000cf9   Thumb Code    78  system_nrf52.o(i.errata_31)
    i.errata_32                              0x00000d4c   Section        0  system_nrf52.o(i.errata_32)
    errata_32                                0x00000d4d   Thumb Code    42  system_nrf52.o(i.errata_32)
    i.errata_36                              0x00000d7c   Section        0  system_nrf52.o(i.errata_36)
    errata_36                                0x00000d7d   Thumb Code    78  system_nrf52.o(i.errata_36)
    i.errata_37                              0x00000dd0   Section        0  system_nrf52.o(i.errata_37)
    errata_37                                0x00000dd1   Thumb Code    42  system_nrf52.o(i.errata_37)
    i.errata_57                              0x00000e00   Section        0  system_nrf52.o(i.errata_57)
    errata_57                                0x00000e01   Thumb Code    42  system_nrf52.o(i.errata_57)
    i.errata_66                              0x00000e30   Section        0  system_nrf52.o(i.errata_66)
    errata_66                                0x00000e31   Thumb Code    42  system_nrf52.o(i.errata_66)
    i.fifo_get                               0x00000e60   Section        0  app_fifo.o(i.fifo_get)
    fifo_get                                 0x00000e61   Thumb Code    24  app_fifo.o(i.fifo_get)
    i.fifo_length                            0x00000e78   Section        0  app_uart_fifo.o(i.fifo_length)
    fifo_length                              0x00000e79   Thumb Code    10  app_uart_fifo.o(i.fifo_length)
    i.fifo_length                            0x00000e82   Section        0  app_fifo.o(i.fifo_length)
    fifo_length                              0x00000e83   Thumb Code    10  app_fifo.o(i.fifo_length)
    i.fifo_peek                              0x00000e8c   Section        0  app_fifo.o(i.fifo_peek)
    fifo_peek                                0x00000e8d   Thumb Code    18  app_fifo.o(i.fifo_peek)
    i.fifo_put                               0x00000e9e   Section        0  app_fifo.o(i.fifo_put)
    fifo_put                                 0x00000e9f   Thumb Code    18  app_fifo.o(i.fifo_put)
    i.fputc                                  0x00000eb0   Section        0  retarget.o(i.fputc)
    i.interrupts_enable                      0x00000ec0   Section        0  nrf_drv_uart.o(i.interrupts_enable)
    interrupts_enable                        0x00000ec1   Thumb Code   126  nrf_drv_uart.o(i.interrupts_enable)
    i.led_bright                             0x00000f4c   Section        0  user_gpio.o(i.led_bright)
    i.led_dark                               0x00000f66   Section        0  user_gpio.o(i.led_dark)
    i.led_init                               0x00000f80   Section        0  user_gpio.o(i.led_init)
    i.leds_bright                            0x00000fa2   Section        0  user_gpio.o(i.leds_bright)
    i.leds_dark                              0x00000fbe   Section        0  user_gpio.o(i.leds_dark)
    i.leds_init                              0x00000fda   Section        0  user_gpio.o(i.leds_init)
    i.leds_loop                              0x00000ff6   Section        0  user_gpio.o(i.leds_loop)
    i.main                                   0x00001012   Section        0  main.o(i.main)
    i.main_init                              0x0000101e   Section        0  main.o(i.main_init)
    i.main_mainloop                          0x00001026   Section        0  main.o(i.main_mainloop)
    i.nrf_delay_us                           0x00001030   Section        0  twi_hw_master.o(i.nrf_delay_us)
    nrf_delay_us                             0x00001031   Thumb Code   142  twi_hw_master.o(i.nrf_delay_us)
    i.nrf_drv_common_irq_enable              0x000010c8   Section        0  nrf_drv_common.o(i.nrf_drv_common_irq_enable)
    i.nrf_drv_get_IRQn                       0x00001128   Section        0  nrf_drv_uart.o(i.nrf_drv_get_IRQn)
    nrf_drv_get_IRQn                         0x00001129   Thumb Code    10  nrf_drv_uart.o(i.nrf_drv_get_IRQn)
    i.nrf_drv_is_in_RAM                      0x00001132   Section        0  nrf_drv_uart.o(i.nrf_drv_is_in_RAM)
    nrf_drv_is_in_RAM                        0x00001133   Thumb Code    20  nrf_drv_uart.o(i.nrf_drv_is_in_RAM)
    i.nrf_drv_uart_init                      0x00001148   Section        0  nrf_drv_uart.o(i.nrf_drv_uart_init)
    i.nrf_drv_uart_rx                        0x000011cc   Section        0  nrf_drv_uart.o(i.nrf_drv_uart_rx)
    i.nrf_drv_uart_rx_enable                 0x000012a0   Section        0  nrf_drv_uart.o(i.nrf_drv_uart_rx_enable)
    i.nrf_drv_uart_rx_for_uart               0x000012d4   Section        0  nrf_drv_uart.o(i.nrf_drv_uart_rx_for_uart)
    nrf_drv_uart_rx_for_uart                 0x000012d5   Thumb Code   198  nrf_drv_uart.o(i.nrf_drv_uart_rx_for_uart)
    i.nrf_drv_uart_rx_for_uarte              0x000013a0   Section        0  nrf_drv_uart.o(i.nrf_drv_uart_rx_for_uarte)
    nrf_drv_uart_rx_for_uarte                0x000013a1   Thumb Code   196  nrf_drv_uart.o(i.nrf_drv_uart_rx_for_uarte)
    i.nrf_drv_uart_tx                        0x00001468   Section        0  nrf_drv_uart.o(i.nrf_drv_uart_tx)
    i.nrf_drv_uart_tx_for_uart               0x000014cc   Section        0  nrf_drv_uart.o(i.nrf_drv_uart_tx_for_uart)
    nrf_drv_uart_tx_for_uart                 0x000014cd   Thumb Code   136  nrf_drv_uart.o(i.nrf_drv_uart_tx_for_uart)
    i.nrf_drv_uart_tx_for_uarte              0x00001558   Section        0  nrf_drv_uart.o(i.nrf_drv_uart_tx_for_uarte)
    nrf_drv_uart_tx_for_uarte                0x00001559   Thumb Code   118  nrf_drv_uart.o(i.nrf_drv_uart_tx_for_uarte)
    i.nrf_drv_uart_tx_in_progress            0x000015d4   Section        0  nrf_drv_uart.o(i.nrf_drv_uart_tx_in_progress)
    i.nrf_gpio_cfg                           0x000015f0   Section        0  user_gpio.o(i.nrf_gpio_cfg)
    nrf_gpio_cfg                             0x000015f1   Thumb Code    40  user_gpio.o(i.nrf_gpio_cfg)
    i.nrf_gpio_cfg                           0x00001618   Section        0  nrf_drv_uart.o(i.nrf_gpio_cfg)
    nrf_gpio_cfg                             0x00001619   Thumb Code    40  nrf_drv_uart.o(i.nrf_gpio_cfg)
    i.nrf_gpio_cfg_input                     0x00001640   Section        0  nrf_drv_uart.o(i.nrf_gpio_cfg_input)
    nrf_gpio_cfg_input                       0x00001641   Thumb Code    26  nrf_drv_uart.o(i.nrf_gpio_cfg_input)
    i.nrf_gpio_cfg_output                    0x0000165a   Section        0  nrf_drv_uart.o(i.nrf_gpio_cfg_output)
    nrf_gpio_cfg_output                      0x0000165b   Thumb Code    24  nrf_drv_uart.o(i.nrf_gpio_cfg_output)
    i.nrf_gpio_pin_set                       0x00001672   Section        0  nrf_drv_uart.o(i.nrf_gpio_pin_set)
    nrf_gpio_pin_set                         0x00001673   Thumb Code    22  nrf_drv_uart.o(i.nrf_gpio_pin_set)
    i.nrf_uart_errorsrc_get_and_clear        0x00001688   Section        0  nrf_drv_uart.o(i.nrf_uart_errorsrc_get_and_clear)
    nrf_uart_errorsrc_get_and_clear          0x00001689   Thumb Code    12  nrf_drv_uart.o(i.nrf_uart_errorsrc_get_and_clear)
    i.nrf_uart_event_check                   0x00001694   Section        0  nrf_drv_uart.o(i.nrf_uart_event_check)
    nrf_uart_event_check                     0x00001695   Thumb Code    14  nrf_drv_uart.o(i.nrf_uart_event_check)
    i.nrf_uart_event_clear                   0x000016a2   Section        0  nrf_drv_uart.o(i.nrf_uart_event_clear)
    nrf_uart_event_clear                     0x000016a3   Thumb Code    14  nrf_drv_uart.o(i.nrf_uart_event_clear)
    i.nrf_uart_hwfc_pins_set                 0x000016b0   Section        0  nrf_drv_uart.o(i.nrf_uart_hwfc_pins_set)
    nrf_uart_hwfc_pins_set                   0x000016b1   Thumb Code    10  nrf_drv_uart.o(i.nrf_uart_hwfc_pins_set)
    i.nrf_uart_int_disable                   0x000016ba   Section        0  nrf_drv_uart.o(i.nrf_uart_int_disable)
    nrf_uart_int_disable                     0x000016bb   Thumb Code     6  nrf_drv_uart.o(i.nrf_uart_int_disable)
    i.nrf_uart_int_enable                    0x000016c0   Section        0  nrf_drv_uart.o(i.nrf_uart_int_enable)
    nrf_uart_int_enable                      0x000016c1   Thumb Code     6  nrf_drv_uart.o(i.nrf_uart_int_enable)
    i.nrf_uart_int_enable_check              0x000016c6   Section        0  nrf_drv_uart.o(i.nrf_uart_int_enable_check)
    nrf_uart_int_enable_check                0x000016c7   Thumb Code    18  nrf_drv_uart.o(i.nrf_uart_int_enable_check)
    i.nrf_uart_task_trigger                  0x000016d8   Section        0  nrf_drv_uart.o(i.nrf_uart_task_trigger)
    nrf_uart_task_trigger                    0x000016d9   Thumb Code     6  nrf_drv_uart.o(i.nrf_uart_task_trigger)
    i.nrf_uart_txrx_pins_set                 0x000016de   Section        0  nrf_drv_uart.o(i.nrf_uart_txrx_pins_set)
    nrf_uart_txrx_pins_set                   0x000016df   Thumb Code    10  nrf_drv_uart.o(i.nrf_uart_txrx_pins_set)
    i.nrf_uarte_errorsrc_get_and_clear       0x000016e8   Section        0  nrf_drv_uart.o(i.nrf_uarte_errorsrc_get_and_clear)
    nrf_uarte_errorsrc_get_and_clear         0x000016e9   Thumb Code    12  nrf_drv_uart.o(i.nrf_uarte_errorsrc_get_and_clear)
    i.nrf_uarte_event_check                  0x000016f4   Section        0  nrf_drv_uart.o(i.nrf_uarte_event_check)
    nrf_uarte_event_check                    0x000016f5   Thumb Code    14  nrf_drv_uart.o(i.nrf_uarte_event_check)
    i.nrf_uarte_event_clear                  0x00001702   Section        0  nrf_drv_uart.o(i.nrf_uarte_event_clear)
    nrf_uarte_event_clear                    0x00001703   Thumb Code    14  nrf_drv_uart.o(i.nrf_uarte_event_clear)
    i.nrf_uarte_hwfc_pins_set                0x00001710   Section        0  nrf_drv_uart.o(i.nrf_uarte_hwfc_pins_set)
    nrf_uarte_hwfc_pins_set                  0x00001711   Thumb Code    12  nrf_drv_uart.o(i.nrf_uarte_hwfc_pins_set)
    i.nrf_uarte_int_disable                  0x0000171c   Section        0  nrf_drv_uart.o(i.nrf_uarte_int_disable)
    nrf_uarte_int_disable                    0x0000171d   Thumb Code     6  nrf_drv_uart.o(i.nrf_uarte_int_disable)
    i.nrf_uarte_int_enable                   0x00001722   Section        0  nrf_drv_uart.o(i.nrf_uarte_int_enable)
    nrf_uarte_int_enable                     0x00001723   Thumb Code     6  nrf_drv_uart.o(i.nrf_uarte_int_enable)
    i.nrf_uarte_rx_amount_get                0x00001728   Section        0  nrf_drv_uart.o(i.nrf_uarte_rx_amount_get)
    nrf_uarte_rx_amount_get                  0x00001729   Thumb Code    10  nrf_drv_uart.o(i.nrf_uarte_rx_amount_get)
    i.nrf_uarte_task_trigger                 0x00001732   Section        0  nrf_drv_uart.o(i.nrf_uarte_task_trigger)
    nrf_uarte_task_trigger                   0x00001733   Thumb Code     6  nrf_drv_uart.o(i.nrf_uarte_task_trigger)
    i.nrf_uarte_txrx_pins_set                0x00001738   Section        0  nrf_drv_uart.o(i.nrf_uarte_txrx_pins_set)
    nrf_uarte_txrx_pins_set                  0x00001739   Thumb Code    14  nrf_drv_uart.o(i.nrf_uarte_txrx_pins_set)
    i.rx_byte                                0x00001746   Section        0  nrf_drv_uart.o(i.rx_byte)
    rx_byte                                  0x00001747   Thumb Code    62  nrf_drv_uart.o(i.rx_byte)
    i.rx_done_event                          0x00001784   Section        0  nrf_drv_uart.o(i.rx_done_event)
    rx_done_event                            0x00001785   Thumb Code    30  nrf_drv_uart.o(i.rx_done_event)
    i.rx_enable                              0x000017a2   Section        0  nrf_drv_uart.o(i.rx_enable)
    rx_enable                                0x000017a3   Thumb Code    34  nrf_drv_uart.o(i.rx_enable)
    i.test_delay                             0x000017c4   Section        0  test_config.o(i.test_delay)
    i.test_init                              0x000017dc   Section        0  test_config.o(i.test_init)
    i.test_mainloop                          0x000017ec   Section        0  test_config.o(i.test_mainloop)
    i.twi_master_clear_bus                   0x000017f8   Section        0  twi_hw_master.o(i.twi_master_clear_bus)
    twi_master_clear_bus                     0x000017f9   Thumb Code   178  twi_hw_master.o(i.twi_master_clear_bus)
    i.twi_master_init                        0x000018b8   Section        0  twi_hw_master.o(i.twi_master_init)
    i.twi_master_read                        0x00001924   Section        0  twi_hw_master.o(i.twi_master_read)
    twi_master_read                          0x00001925   Thumb Code   216  twi_hw_master.o(i.twi_master_read)
    i.twi_master_transfer                    0x00001a0c   Section        0  twi_hw_master.o(i.twi_master_transfer)
    i.twi_master_write                       0x00001a58   Section        0  twi_hw_master.o(i.twi_master_write)
    twi_master_write                         0x00001a59   Thumb Code   170  twi_hw_master.o(i.twi_master_write)
    i.tx_byte                                0x00001b0c   Section        0  nrf_drv_uart.o(i.tx_byte)
    tx_byte                                  0x00001b0d   Thumb Code    38  nrf_drv_uart.o(i.tx_byte)
    i.tx_done_event                          0x00001b32   Section        0  nrf_drv_uart.o(i.tx_done_event)
    tx_done_event                            0x00001b33   Thumb Code    34  nrf_drv_uart.o(i.tx_done_event)
    i.uart_config                            0x00001b54   Section        0  user_uart.o(i.uart_config)
    i.uart_error_handle                      0x00001bb0   Section        0  user_uart.o(i.uart_error_handle)
    i.uart_event_handler                     0x00001bd8   Section        0  app_uart_fifo.o(i.uart_event_handler)
    uart_event_handler                       0x00001bd9   Thumb Code   184  app_uart_fifo.o(i.uart_event_handler)
    i.uart_irq_handler                       0x00001cac   Section        0  nrf_drv_uart.o(i.uart_irq_handler)
    uart_irq_handler                         0x00001cad   Thumb Code   322  nrf_drv_uart.o(i.uart_irq_handler)
    i.uarte_irq_handler                      0x00001dee   Section        0  nrf_drv_uart.o(i.uarte_irq_handler)
    uarte_irq_handler                        0x00001def   Thumb Code   268  nrf_drv_uart.o(i.uarte_irq_handler)
    i.user_iic_init                          0x00001efa   Section        0  user_iic.o(i.user_iic_init)
    i.user_iic_loop                          0x00001f04   Section        0  user_iic.o(i.user_iic_loop)
    i.user_uart_init                         0x00001f8c   Section        0  user_uart.o(i.user_uart_init)
    x$fpl$fpinit                             0x00001fc0   Section       10  fpinit.o(x$fpl$fpinit)
    $v0                                      0x00001fc0   Number         0  fpinit.o(x$fpl$fpinit)
    .constdata                               0x00001fcc   Section       24  user_uart.o(.constdata)
    .constdata                               0x00001fe4   Section       32  app_uart_fifo.o(.constdata)
    .data                                    0x20000000   Section        8  retarget.o(.data)
    .data                                    0x20000008   Section       15  app_uart_fifo.o(.data)
    app_uart_inst                            0x20000008   Data           8  app_uart_fifo.o(.data)
    m_event_handler                          0x20000010   Data           4  app_uart_fifo.o(.data)
    tx_buffer                                0x20000014   Data           1  app_uart_fifo.o(.data)
    rx_buffer                                0x20000015   Data           1  app_uart_fifo.o(.data)
    m_rx_ovf                                 0x20000016   Data           1  app_uart_fifo.o(.data)
    .data                                    0x20000017   Section        2  user_iic.o(.data)
    i                                        0x20000017   Data           1  user_iic.o(.data)
    j                                        0x20000018   Data           1  user_iic.o(.data)
    .data                                    0x2000001c   Section        4  system_nrf52.o(.data)
    __tagsym$$used                           0x2000001c   Number         0  system_nrf52.o(.data)
    .bss                                     0x20000020   Section     2048  user_uart.o(.bss)
    rx_buf                                   0x20000020   Data        1024  user_uart.o(.bss)
    tx_buf                                   0x20000420   Data        1024  user_uart.o(.bss)
    .bss                                     0x20000820   Section       32  app_uart_fifo.o(.bss)
    m_rx_fifo                                0x20000820   Data          16  app_uart_fifo.o(.bss)
    m_tx_fifo                                0x20000830   Data          16  app_uart_fifo.o(.bss)
    .bss                                     0x20000840   Section       32  nrf_drv_uart.o(.bss)
    m_cb                                     0x20000840   Data          32  nrf_drv_uart.o(.bss)
    .bss                                     0x20000860   Section       96  libspace.o(.bss)
    HEAP                                     0x200008c0   Section     8192  arm_startup_nrf52.o(HEAP)
    Heap_Mem                                 0x200008c0   Data        8192  arm_startup_nrf52.o(HEAP)
    STACK                                    0x200028c0   Section     8192  arm_startup_nrf52.o(STACK)
    Stack_Mem                                0x200028c0   Data        8192  arm_startup_nrf52.o(STACK)
    __initial_sp                             0x200048c0   Data           0  arm_startup_nrf52.o(STACK)

    Global Symbols

    Symbol Name                              Value     Ov Type        Size  Object(Section)

    BuildAttributes$$THM_ISAv4$E$P$D$K$B$S$7EM$VFPi3$EXTD16$VFPS$VFMA$PE$A:L22UL41UL21$X:L11$S22US41US21$IEEE1$IW$USESV6$~STKCKD$USESV7$~SHL$OSPACE$ROPI$EBA8$UX$STANDARDLIB$REQ8$PRES8$EABIv2 0x00000000   Number         0  anon$$obj.o ABSOLUTE
    __ARM_use_no_argv                        0x00000000   Number         0  main.o ABSOLUTE
    __Vectors                                0x00000000   Data           4  arm_startup_nrf52.o(RESET)
    __ARM_exceptions_init                     - Undefined Weak Reference
    __alloca_initialize                       - Undefined Weak Reference
    __arm_preinit_                            - Undefined Weak Reference
    __cpp_initialize__aeabi_                  - Undefined Weak Reference
    __cxa_finalize                            - Undefined Weak Reference
    __rt_locale                               - Undefined Weak Reference
    __sigvec_lookup                           - Undefined Weak Reference
    _atexit_init                              - Undefined Weak Reference
    _call_atexit_fns                          - Undefined Weak Reference
    _clock_init                               - Undefined Weak Reference
    _fp_trap_init                             - Undefined Weak Reference
    _fp_trap_shutdown                         - Undefined Weak Reference
    _get_lc_collate                           - Undefined Weak Reference
    _get_lc_ctype                             - Undefined Weak Reference
    _get_lc_monetary                          - Undefined Weak Reference
    _get_lc_numeric                           - Undefined Weak Reference
    _get_lc_time                              - Undefined Weak Reference
    _getenv_init                              - Undefined Weak Reference
    _handle_redirection                       - Undefined Weak Reference
    _init_alloc                               - Undefined Weak Reference
    _init_user_alloc                          - Undefined Weak Reference
    _initio                                   - Undefined Weak Reference
    _mutex_acquire                            - Undefined Weak Reference
    _mutex_release                            - Undefined Weak Reference
    _printf_post_padding                      - Undefined Weak Reference
    _printf_pre_padding                       - Undefined Weak Reference
    _printf_truncate_signed                   - Undefined Weak Reference
    _printf_truncate_unsigned                 - Undefined Weak Reference
    _rand_init                                - Undefined Weak Reference
    _signal_finish                            - Undefined Weak Reference
    _signal_init                              - Undefined Weak Reference
    _terminate_alloc                          - Undefined Weak Reference
    _terminate_user_alloc                     - Undefined Weak Reference
    _terminateio                              - Undefined Weak Reference
    __Vectors_End                            0x00000400   Data           0  arm_startup_nrf52.o(RESET)
    __Vectors_Size                           0x00000400   Number         0  arm_startup_nrf52.o ABSOLUTE
    __main                                   0x00000401   Thumb Code     8  __main.o(!!!main)
    __scatterload                            0x00000409   Thumb Code     0  __scatter.o(!!!scatter)
    __scatterload_rt2                        0x00000409   Thumb Code    44  __scatter.o(!!!scatter)
    __scatterload_rt2_thumb_only             0x00000409   Thumb Code     0  __scatter.o(!!!scatter)
    __scatterload_null                       0x00000417   Thumb Code     0  __scatter.o(!!!scatter)
    __scatterload_copy                       0x0000043d   Thumb Code    26  __scatter_copy.o(!!handler_copy)
    __scatterload_zeroinit                   0x00000459   Thumb Code    28  __scatter_zi.o(!!handler_zi)
    _printf_d                                0x00000475   Thumb Code     0  _printf_d.o(.ARM.Collect$$_printf_percent$$00000009)
    _printf_percent                          0x00000475   Thumb Code     0  _printf_percent.o(.ARM.Collect$$_printf_percent$$00000000)
    _printf_percent_end                      0x0000047b   Thumb Code     0  _printf_percent_end.o(.ARM.Collect$$_printf_percent$$00000017)
    __rt_lib_init                            0x0000047f   Thumb Code     0  libinit.o(.ARM.Collect$$libinit$$00000000)
    __rt_lib_init_fp_1                       0x00000481   Thumb Code     0  libinit2.o(.ARM.Collect$$libinit$$00000001)
    __rt_lib_init_alloca_1                   0x00000485   Thumb Code     0  libinit2.o(.ARM.Collect$$libinit$$0000002E)
    __rt_lib_init_argv_1                     0x00000485   Thumb Code     0  libinit2.o(.ARM.Collect$$libinit$$0000002C)
    __rt_lib_init_atexit_1                   0x00000485   Thumb Code     0  libinit2.o(.ARM.Collect$$libinit$$0000001B)
    __rt_lib_init_clock_1                    0x00000485   Thumb Code     0  libinit2.o(.ARM.Collect$$libinit$$00000021)
    __rt_lib_init_cpp_1                      0x00000485   Thumb Code     0  libinit2.o(.ARM.Collect$$libinit$$00000032)
    __rt_lib_init_exceptions_1               0x00000485   Thumb Code     0  libinit2.o(.ARM.Collect$$libinit$$00000030)
    __rt_lib_init_fp_trap_1                  0x00000485   Thumb Code     0  libinit2.o(.ARM.Collect$$libinit$$0000001F)
    __rt_lib_init_getenv_1                   0x00000485   Thumb Code     0  libinit2.o(.ARM.Collect$$libinit$$00000023)
    __rt_lib_init_heap_1                     0x00000485   Thumb Code     0  libinit2.o(.ARM.Collect$$libinit$$0000000A)
    __rt_lib_init_lc_collate_1               0x00000485   Thumb Code     0  libinit2.o(.ARM.Collect$$libinit$$00000011)
    __rt_lib_init_lc_ctype_1                 0x00000485   Thumb Code     0  libinit2.o(.ARM.Collect$$libinit$$00000013)
    __rt_lib_init_lc_monetary_1              0x00000485   Thumb Code     0  libinit2.o(.ARM.Collect$$libinit$$00000015)
    __rt_lib_init_lc_numeric_1               0x00000485   Thumb Code     0  libinit2.o(.ARM.Collect$$libinit$$00000017)
    __rt_lib_init_lc_time_1                  0x00000485   Thumb Code     0  libinit2.o(.ARM.Collect$$libinit$$00000019)
    __rt_lib_init_preinit_1                  0x00000485   Thumb Code     0  libinit2.o(.ARM.Collect$$libinit$$00000004)
    __rt_lib_init_rand_1                     0x00000485   Thumb Code     0  libinit2.o(.ARM.Collect$$libinit$$0000000E)
    __rt_lib_init_return                     0x00000485   Thumb Code     0  libinit2.o(.ARM.Collect$$libinit$$00000033)
    __rt_lib_init_signal_1                   0x00000485   Thumb Code     0  libinit2.o(.ARM.Collect$$libinit$$0000001D)
    __rt_lib_init_stdio_1                    0x00000485   Thumb Code     0  libinit2.o(.ARM.Collect$$libinit$$00000025)
    __rt_lib_init_user_alloc_1               0x00000485   Thumb Code     0  libinit2.o(.ARM.Collect$$libinit$$0000000C)
    __rt_lib_shutdown                        0x00000487   Thumb Code     0  libshutdown.o(.ARM.Collect$$libshutdown$$00000000)
    __rt_lib_shutdown_cpp_1                  0x00000489   Thumb Code     0  libshutdown2.o(.ARM.Collect$$libshutdown$$00000002)
    __rt_lib_shutdown_fp_trap_1              0x00000489   Thumb Code     0  libshutdown2.o(.ARM.Collect$$libshutdown$$00000007)
    __rt_lib_shutdown_heap_1                 0x00000489   Thumb Code     0  libshutdown2.o(.ARM.Collect$$libshutdown$$0000000F)
    __rt_lib_shutdown_return                 0x00000489   Thumb Code     0  libshutdown2.o(.ARM.Collect$$libshutdown$$00000010)
    __rt_lib_shutdown_signal_1               0x00000489   Thumb Code     0  libshutdown2.o(.ARM.Collect$$libshutdown$$0000000A)
    __rt_lib_shutdown_stdio_1                0x00000489   Thumb Code     0  libshutdown2.o(.ARM.Collect$$libshutdown$$00000004)
    __rt_lib_shutdown_user_alloc_1           0x00000489   Thumb Code     0  libshutdown2.o(.ARM.Collect$$libshutdown$$0000000C)
    __rt_entry                               0x0000048b   Thumb Code     0  __rtentry.o(.ARM.Collect$$rtentry$$00000000)
    __rt_entry_presh_1                       0x0000048b   Thumb Code     0  __rtentry2.o(.ARM.Collect$$rtentry$$00000002)
    __rt_entry_sh                            0x0000048b   Thumb Code     0  __rtentry4.o(.ARM.Collect$$rtentry$$00000004)
    __rt_entry_li                            0x00000491   Thumb Code     0  __rtentry2.o(.ARM.Collect$$rtentry$$0000000A)
    __rt_entry_postsh_1                      0x00000491   Thumb Code     0  __rtentry2.o(.ARM.Collect$$rtentry$$00000009)
    __rt_entry_main                          0x00000495   Thumb Code     0  __rtentry2.o(.ARM.Collect$$rtentry$$0000000D)
    __rt_entry_postli_1                      0x00000495   Thumb Code     0  __rtentry2.o(.ARM.Collect$$rtentry$$0000000C)
    __rt_exit                                0x0000049d   Thumb Code     0  rtexit.o(.ARM.Collect$$rtexit$$00000000)
    __rt_exit_ls                             0x0000049f   Thumb Code     0  rtexit2.o(.ARM.Collect$$rtexit$$00000003)
    __rt_exit_prels_1                        0x0000049f   Thumb Code     0  rtexit2.o(.ARM.Collect$$rtexit$$00000002)
    __rt_exit_exit                           0x000004a3   Thumb Code     0  rtexit2.o(.ARM.Collect$$rtexit$$00000004)
    Reset_Handler                            0x000004a9   Thumb Code     8  arm_startup_nrf52.o(.text)
    NMI_Handler                              0x000004b1   Thumb Code     2  arm_startup_nrf52.o(.text)
    HardFault_Handler                        0x000004b3   Thumb Code     2  arm_startup_nrf52.o(.text)
    MemoryManagement_Handler                 0x000004b5   Thumb Code     2  arm_startup_nrf52.o(.text)
    BusFault_Handler                         0x000004b7   Thumb Code     2  arm_startup_nrf52.o(.text)
    UsageFault_Handler                       0x000004b9   Thumb Code     2  arm_startup_nrf52.o(.text)
    SVC_Handler                              0x000004bb   Thumb Code     2  arm_startup_nrf52.o(.text)
    DebugMon_Handler                         0x000004bd   Thumb Code     2  arm_startup_nrf52.o(.text)
    PendSV_Handler                           0x000004bf   Thumb Code     2  arm_startup_nrf52.o(.text)
    SysTick_Handler                          0x000004c1   Thumb Code     2  arm_startup_nrf52.o(.text)
    CCM_AAR_IRQHandler                       0x000004c3   Thumb Code     0  arm_startup_nrf52.o(.text)
    COMP_LPCOMP_IRQHandler                   0x000004c3   Thumb Code     0  arm_startup_nrf52.o(.text)
    ECB_IRQHandler                           0x000004c3   Thumb Code     0  arm_startup_nrf52.o(.text)
    FPU_IRQHandler                           0x000004c3   Thumb Code     0  arm_startup_nrf52.o(.text)
    GPIOTE_IRQHandler                        0x000004c3   Thumb Code     0  arm_startup_nrf52.o(.text)
    I2S_IRQHandler                           0x000004c3   Thumb Code     0  arm_startup_nrf52.o(.text)
    MWU_IRQHandler                           0x000004c3   Thumb Code     0  arm_startup_nrf52.o(.text)
    NFCT_IRQHandler                          0x000004c3   Thumb Code     0  arm_startup_nrf52.o(.text)
    PDM_IRQHandler                           0x000004c3   Thumb Code     0  arm_startup_nrf52.o(.text)
    POWER_CLOCK_IRQHandler                   0x000004c3   Thumb Code     0  arm_startup_nrf52.o(.text)
    PWM0_IRQHandler                          0x000004c3   Thumb Code     0  arm_startup_nrf52.o(.text)
    PWM1_IRQHandler                          0x000004c3   Thumb Code     0  arm_startup_nrf52.o(.text)
    PWM2_IRQHandler                          0x000004c3   Thumb Code     0  arm_startup_nrf52.o(.text)
    QDEC_IRQHandler                          0x000004c3   Thumb Code     0  arm_startup_nrf52.o(.text)
    RADIO_IRQHandler                         0x000004c3   Thumb Code     0  arm_startup_nrf52.o(.text)
    RNG_IRQHandler                           0x000004c3   Thumb Code     0  arm_startup_nrf52.o(.text)
    RTC0_IRQHandler                          0x000004c3   Thumb Code     0  arm_startup_nrf52.o(.text)
    RTC1_IRQHandler                          0x000004c3   Thumb Code     0  arm_startup_nrf52.o(.text)
    RTC2_IRQHandler                          0x000004c3   Thumb Code     0  arm_startup_nrf52.o(.text)
    SAADC_IRQHandler                         0x000004c3   Thumb Code     0  arm_startup_nrf52.o(.text)
    SPIM0_SPIS0_TWIM0_TWIS0_SPI0_TWI0_IRQHandler 0x000004c3   Thumb Code     0  arm_startup_nrf52.o(.text)
    SPIM1_SPIS1_TWIM1_TWIS1_SPI1_TWI1_IRQHandler 0x000004c3   Thumb Code     0  arm_startup_nrf52.o(.text)
    SPIM2_SPIS2_SPI2_IRQHandler              0x000004c3   Thumb Code     0  arm_startup_nrf52.o(.text)
    SWI0_EGU0_IRQHandler                     0x000004c3   Thumb Code     0  arm_startup_nrf52.o(.text)
    SWI1_EGU1_IRQHandler                     0x000004c3   Thumb Code     0  arm_startup_nrf52.o(.text)
    SWI2_EGU2_IRQHandler                     0x000004c3   Thumb Code     0  arm_startup_nrf52.o(.text)
    SWI3_EGU3_IRQHandler                     0x000004c3   Thumb Code     0  arm_startup_nrf52.o(.text)
    SWI4_EGU4_IRQHandler                     0x000004c3   Thumb Code     0  arm_startup_nrf52.o(.text)
    SWI5_EGU5_IRQHandler                     0x000004c3   Thumb Code     0  arm_startup_nrf52.o(.text)
    TEMP_IRQHandler                          0x000004c3   Thumb Code     0  arm_startup_nrf52.o(.text)
    TIMER0_IRQHandler                        0x000004c3   Thumb Code     0  arm_startup_nrf52.o(.text)
    TIMER1_IRQHandler                        0x000004c3   Thumb Code     0  arm_startup_nrf52.o(.text)
    TIMER2_IRQHandler                        0x000004c3   Thumb Code     0  arm_startup_nrf52.o(.text)
    TIMER3_IRQHandler                        0x000004c3   Thumb Code     0  arm_startup_nrf52.o(.text)
    TIMER4_IRQHandler                        0x000004c3   Thumb Code     0  arm_startup_nrf52.o(.text)
    WDT_IRQHandler                           0x000004c3   Thumb Code     0  arm_startup_nrf52.o(.text)
    __user_initial_stackheap                 0x000004c5   Thumb Code    10  arm_startup_nrf52.o(.text)
    __2printf                                0x000004e9   Thumb Code    20  noretval__2printf.o(.text)
    __printf                                 0x00000501   Thumb Code   104  __printf.o(.text)
    _printf_int_dec                          0x00000569   Thumb Code   104  _printf_dec.o(.text)
    __aeabi_memcpy4                          0x000005e1   Thumb Code     0  rt_memcpy_w.o(.text)
    __aeabi_memcpy8                          0x000005e1   Thumb Code     0  rt_memcpy_w.o(.text)
    __rt_memcpy_w                            0x000005e1   Thumb Code   100  rt_memcpy_w.o(.text)
    _memcpy_lastbytes_aligned                0x00000629   Thumb Code     0  rt_memcpy_w.o(.text)
    __use_two_region_memory                  0x00000645   Thumb Code     2  heapauxi.o(.text)
    __rt_heap_escrow$2region                 0x00000647   Thumb Code     2  heapauxi.o(.text)
    __rt_heap_expand$2region                 0x00000649   Thumb Code     2  heapauxi.o(.text)
    _printf_int_common                       0x0000064b   Thumb Code   178  _printf_intcommon.o(.text)
    _printf_char_file                        0x000006fd   Thumb Code    32  _printf_char_file.o(.text)
    _printf_char_common                      0x0000072b   Thumb Code    32  _printf_char_common.o(.text)
    ferror                                   0x00000751   Thumb Code     8  ferror.o(.text)
    __user_setup_stackheap                   0x00000759   Thumb Code    74  sys_stackheap_outer.o(.text)
    exit                                     0x000007a3   Thumb Code    18  exit.o(.text)
    __user_libspace                          0x000007b5   Thumb Code     8  libspace.o(.text)
    __user_perproc_libspace                  0x000007b5   Thumb Code     0  libspace.o(.text)
    __user_perthread_libspace                0x000007b5   Thumb Code     0  libspace.o(.text)
    _sys_exit                                0x000007bd   Thumb Code     8  sys_exit.o(.text)
    __I$use$semihosting                      0x000007c9   Thumb Code     0  use_no_semi.o(.text)
    __use_no_semihosting_swi                 0x000007c9   Thumb Code     2  use_no_semi.o(.text)
    __semihosting_library_function           0x000007cb   Thumb Code     0  indicate_semi.o(.text)
    SystemCoreClockUpdate                    0x000007cd   Thumb Code     8  system_nrf52.o(i.SystemCoreClockUpdate)
    SystemInit                               0x000007dd   Thumb Code   378  system_nrf52.o(i.SystemInit)
    UARTE0_UART0_IRQHandler                  0x00000981   Thumb Code    28  nrf_drv_uart.o(i.UARTE0_UART0_IRQHandler)
    app_error_fault_handler                  0x000009a5   Thumb Code    60  app_error_weak.o(i.app_error_fault_handler)
    app_error_handler_bare                   0x000009e9   Thumb Code    28  app_error.o(i.app_error_handler_bare)
    app_fifo_get                             0x00000a05   Thumb Code    30  app_fifo.o(i.app_fifo_get)
    app_fifo_init                            0x00000a23   Thumb Code    36  app_fifo.o(i.app_fifo_init)
    app_fifo_put                             0x00000a47   Thumb Code    34  app_fifo.o(i.app_fifo_put)
    app_uart_init                            0x00000a69   Thumb Code   200  app_uart_fifo.o(i.app_uart_init)
    app_uart_put                             0x00000b51   Thumb Code    50  app_uart_fifo.o(i.app_uart_put)
    fputc                                    0x00000eb1   Thumb Code    16  retarget.o(i.fputc)
    led_bright                               0x00000f4d   Thumb Code    26  user_gpio.o(i.led_bright)
    led_dark                                 0x00000f67   Thumb Code    26  user_gpio.o(i.led_dark)
    led_init                                 0x00000f81   Thumb Code    34  user_gpio.o(i.led_init)
    leds_bright                              0x00000fa3   Thumb Code    28  user_gpio.o(i.leds_bright)
    leds_dark                                0x00000fbf   Thumb Code    28  user_gpio.o(i.leds_dark)
    leds_init                                0x00000fdb   Thumb Code    28  user_gpio.o(i.leds_init)
    leds_loop                                0x00000ff7   Thumb Code    28  user_gpio.o(i.leds_loop)
    main                                     0x00001013   Thumb Code    12  main.o(i.main)
    main_init                                0x0000101f   Thumb Code     8  main.o(i.main_init)
    main_mainloop                            0x00001027   Thumb Code     8  main.o(i.main_mainloop)
    nrf_drv_common_irq_enable                0x000010c9   Thumb Code    84  nrf_drv_common.o(i.nrf_drv_common_irq_enable)
    nrf_drv_uart_init                        0x00001149   Thumb Code   126  nrf_drv_uart.o(i.nrf_drv_uart_init)
    nrf_drv_uart_rx                          0x000011cd   Thumb Code   208  nrf_drv_uart.o(i.nrf_drv_uart_rx)
    nrf_drv_uart_rx_enable                   0x000012a1   Thumb Code    46  nrf_drv_uart.o(i.nrf_drv_uart_rx_enable)
    nrf_drv_uart_tx                          0x00001469   Thumb Code    96  nrf_drv_uart.o(i.nrf_drv_uart_tx)
    nrf_drv_uart_tx_in_progress              0x000015d5   Thumb Code    22  nrf_drv_uart.o(i.nrf_drv_uart_tx_in_progress)
    test_delay                               0x000017c5   Thumb Code    24  test_config.o(i.test_delay)
    test_init                                0x000017dd   Thumb Code    16  test_config.o(i.test_init)
    test_mainloop                            0x000017ed   Thumb Code    12  test_config.o(i.test_mainloop)
    twi_master_init                          0x000018b9   Thumb Code    90  twi_hw_master.o(i.twi_master_init)
    twi_master_transfer                      0x00001a0d   Thumb Code    70  twi_hw_master.o(i.twi_master_transfer)
    uart_config                              0x00001b55   Thumb Code    74  user_uart.o(i.uart_config)
    uart_error_handle                        0x00001bb1   Thumb Code    38  user_uart.o(i.uart_error_handle)
    user_iic_init                            0x00001efb   Thumb Code     8  user_iic.o(i.user_iic_init)
    user_iic_loop                            0x00001f05   Thumb Code    84  user_iic.o(i.user_iic_loop)
    user_uart_init                           0x00001f8d   Thumb Code    14  user_uart.o(i.user_uart_init)
    _fp_init                                 0x00001fc1   Thumb Code    10  fpinit.o(x$fpl$fpinit)
    __fplib_config_fpu_vfp                   0x00001fc9   Thumb Code     0  fpinit.o(x$fpl$fpinit)
    __fplib_config_pureend_doubles           0x00001fc9   Thumb Code     0  fpinit.o(x$fpl$fpinit)
    Region$$Table$$Base                      0x00002004   Number         0  anon$$obj.o(Region$$Table)
    Region$$Table$$Limit                     0x00002024   Number         0  anon$$obj.o(Region$$Table)
    __stdout                                 0x20000000   Data           4  retarget.o(.data)
    __stdin                                  0x20000004   Data           4  retarget.o(.data)
    SystemCoreClock                          0x2000001c   Data           4  system_nrf52.o(.data)
    __libspace_start                         0x20000860   Data          96  libspace.o(.bss)
    __temporary_stack_top$libspace           0x200008c0   Data           0  libspace.o(.bss)



==============================================================================

Memory Map of the image

  Image Entry point : 0x00000401

  Load Region LR_IROM1 (Base: 0x00000000, Size: 0x00002044, Max: 0x00080000, ABSOLUTE)

    Execution Region ER_IROM1 (Base: 0x00000000, Size: 0x00002024, Max: 0x00080000, ABSOLUTE)

    Base Addr    Size         Type   Attr      Idx    E Section Name        Object

    0x00000000   0x00000400   Data   RO         1069    RESET               arm_startup_nrf52.o
    0x00000400   0x00000008   Code   RO         1186  * !!!main             c_w.l(__main.o)
    0x00000408   0x00000034   Code   RO         1356    !!!scatter          c_w.l(__scatter.o)
    0x0000043c   0x0000001a   Code   RO         1358    !!handler_copy      c_w.l(__scatter_copy.o)
    0x00000456   0x00000002   PAD
    0x00000458   0x0000001c   Code   RO         1360    !!handler_zi        c_w.l(__scatter_zi.o)
    0x00000474   0x00000000   Code   RO         1181    .ARM.Collect$$_printf_percent$$00000000  c_w.l(_printf_percent.o)
    0x00000474   0x00000006   Code   RO         1180    .ARM.Collect$$_printf_percent$$00000009  c_w.l(_printf_d.o)
    0x0000047a   0x00000004   Code   RO         1193    .ARM.Collect$$_printf_percent$$00000017  c_w.l(_printf_percent_end.o)
    0x0000047e   0x00000002   Code   RO         1226    .ARM.Collect$$libinit$$00000000  c_w.l(libinit.o)
    0x00000480   0x00000004   Code   RO         1232    .ARM.Collect$$libinit$$00000001  c_w.l(libinit2.o)
    0x00000484   0x00000000   Code   RO         1235    .ARM.Collect$$libinit$$00000004  c_w.l(libinit2.o)
    0x00000484   0x00000000   Code   RO         1238    .ARM.Collect$$libinit$$0000000A  c_w.l(libinit2.o)
    0x00000484   0x00000000   Code   RO         1240    .ARM.Collect$$libinit$$0000000C  c_w.l(libinit2.o)
    0x00000484   0x00000000   Code   RO         1242    .ARM.Collect$$libinit$$0000000E  c_w.l(libinit2.o)
    0x00000484   0x00000000   Code   RO         1245    .ARM.Collect$$libinit$$00000011  c_w.l(libinit2.o)
    0x00000484   0x00000000   Code   RO         1247    .ARM.Collect$$libinit$$00000013  c_w.l(libinit2.o)
    0x00000484   0x00000000   Code   RO         1249    .ARM.Collect$$libinit$$00000015  c_w.l(libinit2.o)
    0x00000484   0x00000000   Code   RO         1251    .ARM.Collect$$libinit$$00000017  c_w.l(libinit2.o)
    0x00000484   0x00000000   Code   RO         1253    .ARM.Collect$$libinit$$00000019  c_w.l(libinit2.o)
    0x00000484   0x00000000   Code   RO         1255    .ARM.Collect$$libinit$$0000001B  c_w.l(libinit2.o)
    0x00000484   0x00000000   Code   RO         1257    .ARM.Collect$$libinit$$0000001D  c_w.l(libinit2.o)
    0x00000484   0x00000000   Code   RO         1259    .ARM.Collect$$libinit$$0000001F  c_w.l(libinit2.o)
    0x00000484   0x00000000   Code   RO         1261    .ARM.Collect$$libinit$$00000021  c_w.l(libinit2.o)
    0x00000484   0x00000000   Code   RO         1263    .ARM.Collect$$libinit$$00000023  c_w.l(libinit2.o)
    0x00000484   0x00000000   Code   RO         1265    .ARM.Collect$$libinit$$00000025  c_w.l(libinit2.o)
    0x00000484   0x00000000   Code   RO         1269    .ARM.Collect$$libinit$$0000002C  c_w.l(libinit2.o)
    0x00000484   0x00000000   Code   RO         1271    .ARM.Collect$$libinit$$0000002E  c_w.l(libinit2.o)
    0x00000484   0x00000000   Code   RO         1273    .ARM.Collect$$libinit$$00000030  c_w.l(libinit2.o)
    0x00000484   0x00000000   Code   RO         1275    .ARM.Collect$$libinit$$00000032  c_w.l(libinit2.o)
    0x00000484   0x00000002   Code   RO         1276    .ARM.Collect$$libinit$$00000033  c_w.l(libinit2.o)
    0x00000486   0x00000002   Code   RO         1296    .ARM.Collect$$libshutdown$$00000000  c_w.l(libshutdown.o)
    0x00000488   0x00000000   Code   RO         1309    .ARM.Collect$$libshutdown$$00000002  c_w.l(libshutdown2.o)
    0x00000488   0x00000000   Code   RO         1311    .ARM.Collect$$libshutdown$$00000004  c_w.l(libshutdown2.o)
    0x00000488   0x00000000   Code   RO         1314    .ARM.Collect$$libshutdown$$00000007  c_w.l(libshutdown2.o)
    0x00000488   0x00000000   Code   RO         1317    .ARM.Collect$$libshutdown$$0000000A  c_w.l(libshutdown2.o)
    0x00000488   0x00000000   Code   RO         1319    .ARM.Collect$$libshutdown$$0000000C  c_w.l(libshutdown2.o)
    0x00000488   0x00000000   Code   RO         1322    .ARM.Collect$$libshutdown$$0000000F  c_w.l(libshutdown2.o)
    0x00000488   0x00000002   Code   RO         1323    .ARM.Collect$$libshutdown$$00000010  c_w.l(libshutdown2.o)
    0x0000048a   0x00000000   Code   RO         1188    .ARM.Collect$$rtentry$$00000000  c_w.l(__rtentry.o)
    0x0000048a   0x00000000   Code   RO         1195    .ARM.Collect$$rtentry$$00000002  c_w.l(__rtentry2.o)
    0x0000048a   0x00000006   Code   RO         1207    .ARM.Collect$$rtentry$$00000004  c_w.l(__rtentry4.o)
    0x00000490   0x00000000   Code   RO         1197    .ARM.Collect$$rtentry$$00000009  c_w.l(__rtentry2.o)
    0x00000490   0x00000004   Code   RO         1198    .ARM.Collect$$rtentry$$0000000A  c_w.l(__rtentry2.o)
    0x00000494   0x00000000   Code   RO         1200    .ARM.Collect$$rtentry$$0000000C  c_w.l(__rtentry2.o)
    0x00000494   0x00000008   Code   RO         1201    .ARM.Collect$$rtentry$$0000000D  c_w.l(__rtentry2.o)
    0x0000049c   0x00000002   Code   RO         1230    .ARM.Collect$$rtexit$$00000000  c_w.l(rtexit.o)
    0x0000049e   0x00000000   Code   RO         1278    .ARM.Collect$$rtexit$$00000002  c_w.l(rtexit2.o)
    0x0000049e   0x00000004   Code   RO         1279    .ARM.Collect$$rtexit$$00000003  c_w.l(rtexit2.o)
    0x000004a2   0x00000006   Code   RO         1280    .ARM.Collect$$rtexit$$00000004  c_w.l(rtexit2.o)
    0x000004a8   0x00000040   Code   RO         1070    .text               arm_startup_nrf52.o
    0x000004e8   0x00000018   Code   RO         1154    .text               c_w.l(noretval__2printf.o)
    0x00000500   0x00000068   Code   RO         1156    .text               c_w.l(__printf.o)
    0x00000568   0x00000078   Code   RO         1158    .text               c_w.l(_printf_dec.o)
    0x000005e0   0x00000064   Code   RO         1182    .text               c_w.l(rt_memcpy_w.o)
    0x00000644   0x00000006   Code   RO         1184    .text               c_w.l(heapauxi.o)
    0x0000064a   0x000000b2   Code   RO         1189    .text               c_w.l(_printf_intcommon.o)
    0x000006fc   0x00000024   Code   RO         1191    .text               c_w.l(_printf_char_file.o)
    0x00000720   0x00000030   Code   RO         1209    .text               c_w.l(_printf_char_common.o)
    0x00000750   0x00000008   Code   RO         1211    .text               c_w.l(ferror.o)
    0x00000758   0x0000004a   Code   RO         1215    .text               c_w.l(sys_stackheap_outer.o)
    0x000007a2   0x00000012   Code   RO         1219    .text               c_w.l(exit.o)
    0x000007b4   0x00000008   Code   RO         1227    .text               c_w.l(libspace.o)
    0x000007bc   0x0000000c   Code   RO         1288    .text               c_w.l(sys_exit.o)
    0x000007c8   0x00000002   Code   RO         1299    .text               c_w.l(use_no_semi.o)
    0x000007ca   0x00000000   Code   RO         1301    .text               c_w.l(indicate_semi.o)
    0x000007ca   0x00000002   PAD
    0x000007cc   0x00000010   Code   RO         1077    i.SystemCoreClockUpdate  system_nrf52.o
    0x000007dc   0x000001a4   Code   RO         1078    i.SystemInit        system_nrf52.o
    0x00000980   0x00000024   Code   RO          596    i.UARTE0_UART0_IRQHandler  nrf_drv_uart.o
    0x000009a4   0x00000044   Code   RO          911    i.app_error_fault_handler  app_error_weak.o
    0x000009e8   0x0000001c   Code   RO          459    i.app_error_handler_bare  app_error.o
    0x00000a04   0x0000001e   Code   RO          514    i.app_fifo_get      app_fifo.o
    0x00000a22   0x00000024   Code   RO          515    i.app_fifo_init     app_fifo.o
    0x00000a46   0x00000022   Code   RO          517    i.app_fifo_put      app_fifo.o
    0x00000a68   0x000000e8   Code   RO          377    i.app_uart_init     app_uart_fifo.o
    0x00000b50   0x00000040   Code   RO          378    i.app_uart_put      app_uart_fifo.o
    0x00000b90   0x000000e4   Code   RO          597    i.apply_config      nrf_drv_uart.o
    0x00000c74   0x00000054   Code   RO         1079    i.errata_108        system_nrf52.o
    0x00000cc8   0x00000030   Code   RO         1080    i.errata_16         system_nrf52.o
    0x00000cf8   0x00000054   Code   RO         1081    i.errata_31         system_nrf52.o
    0x00000d4c   0x00000030   Code   RO         1082    i.errata_32         system_nrf52.o
    0x00000d7c   0x00000054   Code   RO         1083    i.errata_36         system_nrf52.o
    0x00000dd0   0x00000030   Code   RO         1084    i.errata_37         system_nrf52.o
    0x00000e00   0x00000030   Code   RO         1085    i.errata_57         system_nrf52.o
    0x00000e30   0x00000030   Code   RO         1086    i.errata_66         system_nrf52.o
    0x00000e60   0x00000018   Code   RO          520    i.fifo_get          app_fifo.o
    0x00000e78   0x0000000a   Code   RO          379    i.fifo_length       app_uart_fifo.o
    0x00000e82   0x0000000a   Code   RO          521    i.fifo_length       app_fifo.o
    0x00000e8c   0x00000012   Code   RO          522    i.fifo_peek         app_fifo.o
    0x00000e9e   0x00000012   Code   RO          523    i.fifo_put          app_fifo.o
    0x00000eb0   0x00000010   Code   RO          319    i.fputc             retarget.o
    0x00000ec0   0x0000008c   Code   RO          598    i.interrupts_enable  nrf_drv_uart.o
    0x00000f4c   0x0000001a   Code   RO          169    i.led_bright        user_gpio.o
    0x00000f66   0x0000001a   Code   RO          170    i.led_dark          user_gpio.o
    0x00000f80   0x00000022   Code   RO          171    i.led_init          user_gpio.o
    0x00000fa2   0x0000001c   Code   RO          172    i.leds_bright       user_gpio.o
    0x00000fbe   0x0000001c   Code   RO          173    i.leds_dark         user_gpio.o
    0x00000fda   0x0000001c   Code   RO          174    i.leds_init         user_gpio.o
    0x00000ff6   0x0000001c   Code   RO          175    i.leds_loop         user_gpio.o
    0x00001012   0x0000000c   Code   RO           12    i.main              main.o
    0x0000101e   0x00000008   Code   RO           13    i.main_init         main.o
    0x00001026   0x00000008   Code   RO           14    i.main_mainloop     main.o
    0x0000102e   0x00000002   PAD
    0x00001030   0x00000098   Code   RO         1011    i.nrf_delay_us      twi_hw_master.o
    0x000010c8   0x00000060   Code   RO          943    i.nrf_drv_common_irq_enable  nrf_drv_common.o
    0x00001128   0x0000000a   Code   RO          600    i.nrf_drv_get_IRQn  nrf_drv_uart.o
    0x00001132   0x00000014   Code   RO          601    i.nrf_drv_is_in_RAM  nrf_drv_uart.o
    0x00001146   0x00000002   PAD
    0x00001148   0x00000084   Code   RO          603    i.nrf_drv_uart_init  nrf_drv_uart.o
    0x000011cc   0x000000d4   Code   RO          604    i.nrf_drv_uart_rx   nrf_drv_uart.o
    0x000012a0   0x00000034   Code   RO          607    i.nrf_drv_uart_rx_enable  nrf_drv_uart.o
    0x000012d4   0x000000cc   Code   RO          608    i.nrf_drv_uart_rx_for_uart  nrf_drv_uart.o
    0x000013a0   0x000000c8   Code   RO          609    i.nrf_drv_uart_rx_for_uarte  nrf_drv_uart.o
    0x00001468   0x00000064   Code   RO          610    i.nrf_drv_uart_tx   nrf_drv_uart.o
    0x000014cc   0x0000008c   Code   RO          612    i.nrf_drv_uart_tx_for_uart  nrf_drv_uart.o
    0x00001558   0x0000007c   Code   RO          613    i.nrf_drv_uart_tx_for_uarte  nrf_drv_uart.o
    0x000015d4   0x0000001c   Code   RO          614    i.nrf_drv_uart_tx_in_progress  nrf_drv_uart.o
    0x000015f0   0x00000028   Code   RO          176    i.nrf_gpio_cfg      user_gpio.o
    0x00001618   0x00000028   Code   RO          616    i.nrf_gpio_cfg      nrf_drv_uart.o
    0x00001640   0x0000001a   Code   RO          618    i.nrf_gpio_cfg_input  nrf_drv_uart.o
    0x0000165a   0x00000018   Code   RO          619    i.nrf_gpio_cfg_output  nrf_drv_uart.o
    0x00001672   0x00000016   Code   RO          620    i.nrf_gpio_pin_set  nrf_drv_uart.o
    0x00001688   0x0000000c   Code   RO          621    i.nrf_uart_errorsrc_get_and_clear  nrf_drv_uart.o
    0x00001694   0x0000000e   Code   RO          622    i.nrf_uart_event_check  nrf_drv_uart.o
    0x000016a2   0x0000000e   Code   RO          623    i.nrf_uart_event_clear  nrf_drv_uart.o
    0x000016b0   0x0000000a   Code   RO          624    i.nrf_uart_hwfc_pins_set  nrf_drv_uart.o
    0x000016ba   0x00000006   Code   RO          625    i.nrf_uart_int_disable  nrf_drv_uart.o
    0x000016c0   0x00000006   Code   RO          626    i.nrf_uart_int_enable  nrf_drv_uart.o
    0x000016c6   0x00000012   Code   RO          627    i.nrf_uart_int_enable_check  nrf_drv_uart.o
    0x000016d8   0x00000006   Code   RO          628    i.nrf_uart_task_trigger  nrf_drv_uart.o
    0x000016de   0x0000000a   Code   RO          629    i.nrf_uart_txrx_pins_set  nrf_drv_uart.o
    0x000016e8   0x0000000c   Code   RO          630    i.nrf_uarte_errorsrc_get_and_clear  nrf_drv_uart.o
    0x000016f4   0x0000000e   Code   RO          631    i.nrf_uarte_event_check  nrf_drv_uart.o
    0x00001702   0x0000000e   Code   RO          632    i.nrf_uarte_event_clear  nrf_drv_uart.o
    0x00001710   0x0000000c   Code   RO          633    i.nrf_uarte_hwfc_pins_set  nrf_drv_uart.o
    0x0000171c   0x00000006   Code   RO          634    i.nrf_uarte_int_disable  nrf_drv_uart.o
    0x00001722   0x00000006   Code   RO          635    i.nrf_uarte_int_enable  nrf_drv_uart.o
    0x00001728   0x0000000a   Code   RO          636    i.nrf_uarte_rx_amount_get  nrf_drv_uart.o
    0x00001732   0x00000006   Code   RO          637    i.nrf_uarte_task_trigger  nrf_drv_uart.o
    0x00001738   0x0000000e   Code   RO          638    i.nrf_uarte_txrx_pins_set  nrf_drv_uart.o
    0x00001746   0x0000003e   Code   RO          640    i.rx_byte           nrf_drv_uart.o
    0x00001784   0x0000001e   Code   RO          641    i.rx_done_event     nrf_drv_uart.o
    0x000017a2   0x00000022   Code   RO          642    i.rx_enable         nrf_drv_uart.o
    0x000017c4   0x00000018   Code   RO           45    i.test_delay        test_config.o
    0x000017dc   0x00000010   Code   RO           46    i.test_init         test_config.o
    0x000017ec   0x0000000c   Code   RO           47    i.test_mainloop     test_config.o
    0x000017f8   0x000000c0   Code   RO         1012    i.twi_master_clear_bus  twi_hw_master.o
    0x000018b8   0x0000006c   Code   RO         1013    i.twi_master_init   twi_hw_master.o
    0x00001924   0x000000e8   Code   RO         1014    i.twi_master_read   twi_hw_master.o
    0x00001a0c   0x0000004c   Code   RO         1015    i.twi_master_transfer  twi_hw_master.o
    0x00001a58   0x000000b4   Code   RO         1016    i.twi_master_write  twi_hw_master.o
    0x00001b0c   0x00000026   Code   RO          643    i.tx_byte           nrf_drv_uart.o
    0x00001b32   0x00000022   Code   RO          644    i.tx_done_event     nrf_drv_uart.o
    0x00001b54   0x0000005c   Code   RO          274    i.uart_config       user_uart.o
    0x00001bb0   0x00000026   Code   RO          275    i.uart_error_handle  user_uart.o
    0x00001bd6   0x00000002   PAD
    0x00001bd8   0x000000d4   Code   RO          380    i.uart_event_handler  app_uart_fifo.o
    0x00001cac   0x00000142   Code   RO          645    i.uart_irq_handler  nrf_drv_uart.o
    0x00001dee   0x0000010c   Code   RO          646    i.uarte_irq_handler  nrf_drv_uart.o
    0x00001efa   0x00000008   Code   RO          986    i.user_iic_init     user_iic.o
    0x00001f02   0x00000002   PAD
    0x00001f04   0x00000088   Code   RO          987    i.user_iic_loop     user_iic.o
    0x00001f8c   0x00000034   Code   RO          276    i.user_uart_init    user_uart.o
    0x00001fc0   0x0000000a   Code   RO         1286    x$fpl$fpinit        fz_wm.l(fpinit.o)
    0x00001fca   0x00000002   PAD
    0x00001fcc   0x00000018   Data   RO          279    .constdata          user_uart.o
    0x00001fe4   0x00000020   Data   RO          382    .constdata          app_uart_fifo.o
    0x00002004   0x00000020   Data   RO         1354    Region$$Table       anon$$obj.o


    Execution Region RW_IRAM1 (Base: 0x20000000, Size: 0x000048c0, Max: 0x00010000, ABSOLUTE)

    Base Addr    Size         Type   Attr      Idx    E Section Name        Object

    0x20000000   0x00000008   Data   RW          320    .data               retarget.o
    0x20000008   0x0000000f   Data   RW          383    .data               app_uart_fifo.o
    0x20000017   0x00000002   Data   RW          988    .data               user_iic.o
    0x20000019   0x00000003   PAD
    0x2000001c   0x00000004   Data   RW         1087    .data               system_nrf52.o
    0x20000020   0x00000800   Zero   RW          278    .bss                user_uart.o
    0x20000820   0x00000020   Zero   RW          381    .bss                app_uart_fifo.o
    0x20000840   0x00000020   Zero   RW          647    .bss                nrf_drv_uart.o
    0x20000860   0x00000060   Zero   RW         1228    .bss                c_w.l(libspace.o)
    0x200008c0   0x00002000   Zero   RW         1068    HEAP                arm_startup_nrf52.o
    0x200028c0   0x00002000   Zero   RW         1067    STACK               arm_startup_nrf52.o


==============================================================================

Image component sizes


      Code (inc. data)   RO Data    RW Data    ZI Data      Debug   Object Name

        28          0          0          0          0       2109   app_error.o
        68          8          0          0          0      27401   app_error_weak.o
       170          0          0          0          0       5202   app_fifo.o
       518         74         32         15         32      10523   app_uart_fifo.o
        64         26       1024          0      16384        952   arm_startup_nrf52.o
        28          0          0          0          0       1523   main.o
        96         12          0          0          0      27623   nrf_drv_common.o
      2716         74          0          0         32      47789   nrf_drv_uart.o
        16          0          0          8          0       2774   retarget.o
       928         98          0          4          0       6107   system_nrf52.o
        52          0          0          0          0      39093   test_config.o
       940         74          0          0          0       5920   twi_hw_master.o
         0          0          0          0          0       1444   user_board.o
       238          0          0          0          0       8537   user_gpio.o
       144         52          0          2          0       1144   user_iic.o
       182         56         24          0       2048       2355   user_uart.o

    ----------------------------------------------------------------------
      6196        474       1112         32      18496     190496   Object Totals
         0          0         32          0          0          0   (incl. Generated)
         8          0          0          3          0          0   (incl. Padding)

    ----------------------------------------------------------------------

      Code (inc. data)   RO Data    RW Data    ZI Data      Debug   Library Member Name

         8          0          0          0          0         68   __main.o
       104          0          0          0          0         84   __printf.o
         0          0          0          0          0          0   __rtentry.o
        12          0          0          0          0          0   __rtentry2.o
         6          0          0          0          0          0   __rtentry4.o
        52          8          0          0          0          0   __scatter.o
        26          0          0          0          0          0   __scatter_copy.o
        28          0          0          0          0          0   __scatter_zi.o
        48          6          0          0          0         96   _printf_char_common.o
        36          4          0          0          0         80   _printf_char_file.o
         6          0          0          0          0          0   _printf_d.o
       120         16          0          0          0         92   _printf_dec.o
       178          0          0          0          0         88   _printf_intcommon.o
         0          0          0          0          0          0   _printf_percent.o
         4          0          0          0          0          0   _printf_percent_end.o
        18          0          0          0          0         80   exit.o
         8          0          0          0          0         68   ferror.o
         6          0          0          0          0        152   heapauxi.o
         0          0          0          0          0          0   indicate_semi.o
         2          0          0          0          0          0   libinit.o
         6          0          0          0          0          0   libinit2.o
         2          0          0          0          0          0   libshutdown.o
         2          0          0          0          0          0   libshutdown2.o
         8          4          0          0         96         68   libspace.o
        24          4          0          0          0         84   noretval__2printf.o
       100          0          0          0          0         80   rt_memcpy_w.o
         2          0          0          0          0          0   rtexit.o
        10          0          0          0          0          0   rtexit2.o
        12          4          0          0          0         68   sys_exit.o
        74          0          0          0          0         80   sys_stackheap_outer.o
         2          0          0          0          0         68   use_no_semi.o
        10          0          0          0          0        116   fpinit.o

    ----------------------------------------------------------------------
       920         46          0          0         96       1372   Library Totals
         6          0          0          0          0          0   (incl. Padding)

    ----------------------------------------------------------------------

      Code (inc. data)   RO Data    RW Data    ZI Data      Debug   Library Name

       904         46          0          0         96       1256   c_w.l
        10          0          0          0          0        116   fz_wm.l

    ----------------------------------------------------------------------
       920         46          0          0         96       1372   Library Totals

    ----------------------------------------------------------------------

==============================================================================


      Code (inc. data)   RO Data    RW Data    ZI Data      Debug   

      7116        520       1112         32      18592     182396   Grand Totals
      7116        520       1112         32      18592     182396   ELF Image Totals
      7116        520       1112         32          0          0   ROM Totals

==============================================================================

    Total RO  Size (Code + RO Data)                 8228 (   8.04kB)
    Total RW  Size (RW Data + ZI Data)             18624 (  18.19kB)
    Total ROM Size (Code + RO Data + RW Data)       8260 (   8.07kB)

==============================================================================

